Component: ARM Compiler 5.06 update 5 (build 528) Tool: armlink [4d35e2]

==============================================================================

Section Cross References

    startup_stm32f103xb.o(RESET) refers to startup_stm32f103xb.o(STACK) for __initial_sp
    startup_stm32f103xb.o(RESET) refers to startup_stm32f103xb.o(.text) for Reset_Handler
    startup_stm32f103xb.o(RESET) refers to stm32f1xx_it.o(i.NMI_Handler) for NMI_Handler
    startup_stm32f103xb.o(RESET) refers to stm32f1xx_it.o(i.HardFault_Handler) for HardFault_Handler
    startup_stm32f103xb.o(RESET) refers to stm32f1xx_it.o(i.MemManage_Handler) for MemManage_Handler
    startup_stm32f103xb.o(RESET) refers to stm32f1xx_it.o(i.BusFault_Handler) for BusFault_Handler
    startup_stm32f103xb.o(RESET) refers to stm32f1xx_it.o(i.UsageFault_Handler) for UsageFault_Handler
    startup_stm32f103xb.o(RESET) refers to stm32f1xx_it.o(i.SVC_Handler) for SVC_Handler
    startup_stm32f103xb.o(RESET) refers to stm32f1xx_it.o(i.DebugMon_Handler) for DebugMon_Handler
    startup_stm32f103xb.o(RESET) refers to los_dispatch_keil.o(.text) for PendSV_Handler
    startup_stm32f103xb.o(RESET) refers to los_hwi.o(i.SysTick_Handler) for SysTick_Handler
    startup_stm32f103xb.o(RESET) refers to stm32f1xx_it.o(i.USART1_IRQHandler) for USART1_IRQHandler
    startup_stm32f103xb.o(RESET) refers to stm32f1xx_it.o(i.USART2_IRQHandler) for USART2_IRQHandler
    startup_stm32f103xb.o(.text) refers to system_stm32f1xx.o(i.SystemInit) for SystemInit
    startup_stm32f103xb.o(.text) refers to entry.o(.ARM.Collect$$$$00000000) for __main
    usart.o(i.HAL_UART_MspDeInit) refers to stm32f1xx_hal_gpio.o(i.HAL_GPIO_DeInit) for HAL_GPIO_DeInit
    usart.o(i.HAL_UART_MspInit) refers to stm32f1xx_hal_gpio.o(i.HAL_GPIO_Init) for HAL_GPIO_Init
    usart.o(i.MX_USART1_UART_Init) refers to stm32f1xx_hal_uart.o(i.HAL_UART_Init) for HAL_UART_Init
    usart.o(i.MX_USART1_UART_Init) refers to main.o(i.Error_Handler) for Error_Handler
    usart.o(i.MX_USART1_UART_Init) refers to usart.o(.bss) for .bss
    usart.o(i.MX_USART2_UART_Init) refers to stm32f1xx_hal_uart.o(i.HAL_UART_Init) for HAL_UART_Init
    usart.o(i.MX_USART2_UART_Init) refers to main.o(i.Error_Handler) for Error_Handler
    usart.o(i.MX_USART2_UART_Init) refers to usart.o(.bss) for .bss
    main.o(i.AT09_Configure) refers to main.o(i.AT09_SendCommand) for AT09_SendCommand
    main.o(i.AT09_SendCommand) refers to memseta.o(.text) for __aeabi_memclr4
    main.o(i.AT09_SendCommand) refers to printf8.o(i.__0printf$8) for __2printf
    main.o(i.AT09_SendCommand) refers to strlen.o(.text) for strlen
    main.o(i.AT09_SendCommand) refers to stm32f1xx_hal_uart.o(i.HAL_UART_Transmit) for HAL_UART_Transmit
    main.o(i.AT09_SendCommand) refers to stm32f1xx_hal.o(i.HAL_GetTick) for HAL_GetTick
    main.o(i.AT09_SendCommand) refers to stm32f1xx_hal_uart.o(i.HAL_UART_Receive) for HAL_UART_Receive
    main.o(i.AT09_SendCommand) refers to usart.o(.bss) for huart1
    main.o(i.AT09_StartReceiveIT) refers to stm32f1xx_hal_uart.o(i.HAL_UARTEx_ReceiveToIdle_IT) for HAL_UARTEx_ReceiveToIdle_IT
    main.o(i.AT09_StartReceiveIT) refers to usart.o(.bss) for huart1
    main.o(i.AppTaskCreate) refers to los_task.o(i.LOS_TaskCreate) for LOS_TaskCreate
    main.o(i.AppTaskCreate) refers to printf8.o(i.__0printf$8) for __2printf
    main.o(i.AppTaskCreate) refers to main.o(i.SensorReadTask) for SensorReadTask
    main.o(i.AppTaskCreate) refers to main.o(.data) for .data
    main.o(i.AppTaskCreate) refers to main.o(i.BluetoothSendTask) for BluetoothSendTask
    main.o(i.AppTaskCreate) refers to main.o(i.LedIndicatorTask) for LedIndicatorTask
    main.o(i.AppTaskCreate) refers to main.o(i.BuzzerAlarmTask) for BuzzerAlarmTask
    main.o(i.BT_SendString) refers to strlen.o(.text) for strlen
    main.o(i.BT_SendString) refers to stm32f1xx_hal_uart.o(i.HAL_UART_Transmit) for HAL_UART_Transmit
    main.o(i.BT_SendString) refers to usart.o(.bss) for huart1
    main.o(i.BluetoothSendTask) refers to printf8.o(i.__0sprintf$8) for __2sprintf
    main.o(i.BluetoothSendTask) refers to main.o(i.BT_SendString) for BT_SendString
    main.o(i.BluetoothSendTask) refers to printf8.o(i.__0printf$8) for __2printf
    main.o(i.BluetoothSendTask) refers to los_task.o(i.LOS_TaskDelay) for LOS_TaskDelay
    main.o(i.BluetoothSendTask) refers to main.o(.data) for .data
    main.o(i.BuzzerAlarmTask) refers to stm32f1xx_hal_gpio.o(i.HAL_GPIO_WritePin) for HAL_GPIO_WritePin
    main.o(i.BuzzerAlarmTask) refers to los_task.o(i.LOS_TaskDelay) for LOS_TaskDelay
    main.o(i.BuzzerAlarmTask) refers to main.o(.data) for .data
    main.o(i.DHT11_Init) refers to main.o(i.DHT_Pin_Input) for DHT_Pin_Input
    main.o(i.DHT11_Read) refers to stm32f1xx_hal_gpio.o(i.HAL_GPIO_Init) for HAL_GPIO_Init
    main.o(i.DHT11_Read) refers to stm32f1xx_hal_gpio.o(i.HAL_GPIO_WritePin) for HAL_GPIO_WritePin
    main.o(i.DHT11_Read) refers to stm32f1xx_hal.o(i.HAL_Delay) for HAL_Delay
[...]
    ..\Core\LiteOS\kernel\base\core\los_sys.c 0x00000000   Number         0  los_sys.o ABSOLUTE
    ..\Core\LiteOS\kernel\base\core\los_task.c 0x00000000   Number         0  los_task.o ABSOLUTE
    ..\Core\LiteOS\kernel\base\core\los_tick.c 0x00000000   Number         0  los_tick.o ABSOLUTE
    ..\Core\LiteOS\kernel\base\core\los_timeslice.c 0x00000000   Number         0  los_timeslice.o ABSOLUTE
    ..\Core\LiteOS\kernel\base\ipc\los_event.c 0x00000000   Number         0  los_event.o ABSOLUTE
    ..\Core\LiteOS\kernel\base\ipc\los_mux.c 0x00000000   Number         0  los_mux.o ABSOLUTE
    ..\Core\LiteOS\kernel\base\ipc\los_queue.c 0x00000000   Number         0  los_queue.o ABSOLUTE
    ..\Core\LiteOS\kernel\base\ipc\los_sem.c 0x00000000   Number         0  los_sem.o ABSOLUTE
    ..\Core\LiteOS\kernel\base\mem\bestfit_little\los_heap.c 0x00000000   Number         0  los_heap.o ABSOLUTE
    ..\Core\LiteOS\kernel\base\mem\bestfit_little\los_memory.c 0x00000000   Number         0  los_memory.o ABSOLUTE
    ..\Core\LiteOS\kernel\base\mem\common\los_memcheck.c 0x00000000   Number         0  los_memcheck.o ABSOLUTE
    ..\Core\LiteOS\kernel\base\mem\common\los_memstat.c 0x00000000   Number         0  los_memstat.o ABSOLUTE
    ..\Core\LiteOS\kernel\base\mem\common\los_slab.c 0x00000000   Number         0  los_slab.o ABSOLUTE
    ..\Core\LiteOS\kernel\base\mem\common\los_slabmem.c 0x00000000   Number         0  los_slabmem.o ABSOLUTE
    ..\Core\LiteOS\kernel\base\mem\membox\los_membox.c 0x00000000   Number         0  los_membox.o ABSOLUTE
    ..\Core\LiteOS\kernel\base\misc\los_misc.c 0x00000000   Number         0  los_misc.o ABSOLUTE
    ..\Core\LiteOS\kernel\base\om\los_err.c  0x00000000   Number         0  los_err.o ABSOLUTE
    ..\Core\LiteOS\kernel\extended\tickless\los_tickless.c 0x00000000   Number         0  los_tickless.o ABSOLUTE
    ..\Core\LiteOS\kernel\los_init.c         0x00000000   Number         0  los_init.o ABSOLUTE
    ..\Core\Src\adc.c                        0x00000000   Number         0  adc.o ABSOLUTE
    ..\Core\Src\gpio.c                       0x00000000   Number         0  gpio.o ABSOLUTE
    ..\Core\Src\main.c                       0x00000000   Number         0  main.o ABSOLUTE
    ..\Core\Src\stm32f1xx_hal_msp.c          0x00000000   Number         0  stm32f1xx_hal_msp.o ABSOLUTE
    ..\Core\Src\stm32f1xx_it.c               0x00000000   Number         0  stm32f1xx_it.o ABSOLUTE
    ..\Core\Src\system_stm32f1xx.c           0x00000000   Number         0  system_stm32f1xx.o ABSOLUTE
    ..\Drivers\STM32F1xx_HAL_Driver\Src\stm32f1xx_hal.c 0x00000000   Number         0  stm32f1xx_hal.o ABSOLUTE
    ..\Drivers\STM32F1xx_HAL_Driver\Src\stm32f1xx_hal_adc.c 0x00000000   Number         0  stm32f1xx_hal_adc.o ABSOLUTE
    ..\Drivers\STM32F1xx_HAL_Driver\Src\stm32f1xx_hal_adc_ex.c 0x00000000   Number         0  stm32f1xx_hal_adc_ex.o ABSOLUTE
    ..\Drivers\STM32F1xx_HAL_Driver\Src\stm32f1xx_hal_cortex.c 0x00000000   Number         0  stm32f1xx_hal_cortex.o ABSOLUTE
    ..\Drivers\STM32F1xx_HAL_Driver\Src\stm32f1xx_hal_dma.c 0x00000000   Number         0  stm32f1xx_hal_dma.o ABSOLUTE
    ..\Drivers\STM32F1xx_HAL_Driver\Src\stm32f1xx_hal_exti.c 0x00000000   Number         0  stm32f1xx_hal_exti.o ABSOLUTE
    ..\Drivers\STM32F1xx_HAL_Driver\Src\stm32f1xx_hal_flash.c 0x00000000   Number         0  stm32f1xx_hal_flash.o ABSOLUTE
    ..\Drivers\STM32F1xx_HAL_Driver\Src\stm32f1xx_hal_flash_ex.c 0x00000000   Number         0  stm32f1xx_hal_flash_ex.o ABSOLUTE
    ..\Drivers\STM32F1xx_HAL_Driver\Src\stm32f1xx_hal_gpio.c 0x00000000   Number         0  stm32f1xx_hal_gpio.o ABSOLUTE
    ..\Drivers\STM32F1xx_HAL_Driver\Src\stm32f1xx_hal_gpio_ex.c 0x00000000   Number         0  stm32f1xx_hal_gpio_ex.o ABSOLUTE
    ..\Drivers\STM32F1xx_HAL_Driver\Src\stm32f1xx_hal_pwr.c 0x00000000   Number         0  stm32f1xx_hal_pwr.o ABSOLUTE
    ..\Drivers\STM32F1xx_HAL_Driver\Src\stm32f1xx_hal_rcc.c 0x00000000   Number         0  stm32f1xx_hal_rcc.o ABSOLUTE
    ..\Drivers\STM32F1xx_HAL_Driver\Src\stm32f1xx_hal_rcc_ex.c 0x00000000   Number         0  stm32f1xx_hal_rcc_ex.o ABSOLUTE
    ..\Drivers\STM32F1xx_HAL_Driver\Src\stm32f1xx_hal_uart.c 0x00000000   Number         0  stm32f1xx_hal_uart.o ABSOLUTE
    ..\\Core\\LiteOS\\arch\\arm\\arm-m\\src\\los_hw.c 0x00000000   Number         0  los_hw.o ABSOLUTE
    ..\\Core\\LiteOS\\arch\\arm\\arm-m\\src\\los_hw_tick.c 0x00000000   Number         0  los_hw_tick.o ABSOLUTE
    ..\\Core\\LiteOS\\arch\\arm\\arm-m\\src\\los_hwi.c 0x00000000   Number         0  los_hwi.o ABSOLUTE
    ..\\Core\\LiteOS\\kernel\\base\\core\\los_priqueue.c 0x00000000   Number         0  los_priqueue.o ABSOLUTE
    ..\\Core\\LiteOS\\kernel\\base\\core\\los_swtmr.c 0x00000000   Number         0  los_swtmr.o ABSOLUTE
    ..\\Core\\LiteOS\\kernel\\base\\core\\los_sys.c 0x00000000   Number         0  los_sys.o ABSOLUTE
    ..\\Core\\LiteOS\\kernel\\base\\core\\los_task.c 0x00000000   Number         0  los_task.o ABSOLUTE
    ..\\Core\\LiteOS\\kernel\\base\\core\\los_tick.c 0x00000000   Number         0  los_tick.o ABSOLUTE
    ..\\Core\\LiteOS\\kernel\\base\\core\\los_timeslice.c 0x00000000   Number         0  los_timeslice.o ABSOLUTE
    ..\\Core\\LiteOS\\kernel\\base\\ipc\\los_event.c 0x00000000   Number         0  los_event.o ABSOLUTE
    ..\\Core\\LiteOS\\kernel\\base\\ipc\\los_mux.c 0x00000000   Number         0  los_mux.o ABSOLUTE
    ..\\Core\\LiteOS\\kernel\\base\\ipc\\los_queue.c 0x00000000   Number         0  los_queue.o ABSOLUTE
    ..\\Core\\LiteOS\\kernel\\base\\ipc\\los_sem.c 0x00000000   Number         0  los_sem.o ABSOLUTE
    ..\\Core\\LiteOS\\kernel\\base\\mem\\bestfit_little\\los_heap.c 0x00000000   Number         0  los_heap.o ABSOLUTE
    ..\\Core\\LiteOS\\kernel\\base\\mem\\bestfit_little\\los_memory.c 0x00000000   Number         0  los_memory.o ABSOLUTE
    ..\\Core\\LiteOS\\kernel\\base\\mem\\common\\los_memcheck.c 0x00000000   Number         0  los_memcheck.o ABSOLUTE
    ..\\Core\\LiteOS\\kernel\\base\\mem\\common\\los_memstat.c 0x00000000   Number         0  los_memstat.o ABSOLUTE
    ..\\Core\\LiteOS\\kernel\\base\\mem\\common\\los_slab.c 0x00000000   Number         0  los_slab.o ABSOLUTE
    ..\\Core\\LiteOS\\kernel\\base\\mem\\common\\los_slabmem.c 0x00000000   Number         0  los_slabmem.o ABSOLUTE
    ..\\Core\\LiteOS\\kernel\\base\\mem\\membox\\los_membox.c 0x00000000   Number         0  los_membox.o ABSOLUTE
    ..\\Core\\LiteOS\\kernel\\base\\misc\\los_misc.c 0x00000000   Number         0  los_misc.o ABSOLUTE
    ..\\Core\\LiteOS\\kernel\\base\\om\\los_err.c 0x00000000   Number         0  los_err.o ABSOLUTE
    ..\\Core\\LiteOS\\kernel\\extended\\tickless\\los_tickless.c 0x00000000   Number         0  los_tickless.o ABSOLUTE
    ..\\Core\\LiteOS\\kernel\\los_init.c     0x00000000   Number         0  los_init.o ABSOLUTE
    cdrcmple.s                               0x00000000   Number         0  cdrcmple.o ABSOLUTE
    dc.s                                     0x00000000   Number         0  dc.o ABSOLUTE
    handlers.s                               0x00000000   Number         0  handlers.o ABSOLUTE
    init.s                                   0x00000000   Number         0  init.o ABSOLUTE
    startup_stm32f103xb.s                    0x00000000   Number         0  startup_stm32f103xb.o ABSOLUTE
    usart.c                                  0x00000000   Number         0  usart.o ABSOLUTE
    usart.c                                  0x00000000   Number         0  usart.o ABSOLUTE
    RESET                                    0x08000000   Section      236  startup_stm32f103xb.o(RESET)
    .ARM.Collect$$$$00000000                 0x080000ec   Section        0  entry.o(.ARM.Collect$$$$00000000)
    .ARM.Collect$$$$00000001                 0x080000ec   Section        4  entry2.o(.ARM.Collect$$$$00000001)
    .ARM.Collect$$$$00000004                 0x080000f0   Section        4  entry5.o(.ARM.Collect$$$$00000004)
    .ARM.Collect$$$$00000008                 0x080000f4   Section        0  entry7b.o(.ARM.Collect$$$$00000008)
    .ARM.Collect$$$$0000000A                 0x080000f4   Section        0  entry8b.o(.ARM.Collect$$$$0000000A)
    .ARM.Collect$$$$0000000B                 0x080000f4   Section        8  entry9a.o(.ARM.Collect$$$$0000000B)
    .ARM.Collect$$$$0000000D                 0x080000fc   Section        0  entry10a.o(.ARM.Collect$$$$0000000D)
    .ARM.Collect$$$$0000000F                 0x080000fc   Section        0  entry11a.o(.ARM.Collect$$$$0000000F)
    .ARM.Collect$$$$00002712                 0x080000fc   Section        4  entry2.o(.ARM.Collect$$$$00002712)
    __lit__00000000                          0x080000fc   Data           4  entry2.o(.ARM.Collect$$$$00002712)
    .text                                    0x08000100   Section       36  startup_stm32f103xb.o(.text)
    .text                                    0x08000124   Section      204  los_dispatch_keil.o(.text)
    .text                                    0x080001f0   Section        0  uldiv.o(.text)
    .text                                    0x08000252   Section        0  llushr.o(.text)
    .text                                    0x08000272   Section        0  memcpya.o(.text)
    .text                                    0x08000296   Section        0  memseta.o(.text)
    .text                                    0x080002ba   Section        0  strstr.o(.text)
    .text                                    0x080002de   Section        0  strlen.o(.text)
    .text                                    0x080002ec   Section        0  llshl.o(.text)
    .text                                    0x0800030c   Section       36  init.o(.text)
    i.AT09_Configure                         0x08000330   Section        0  main.o(i.AT09_Configure)
    i.AT09_SendCommand                       0x08000378   Section        0  main.o(i.AT09_SendCommand)
    i.AT09_StartReceiveIT                    0x08000430   Section        0  main.o(i.AT09_StartReceiveIT)
    i.AppTaskCreate                          0x08000440   Section        0  main.o(i.AppTaskCreate)
    AppTaskCreate                            0x08000441   Thumb Code   164  main.o(i.AppTaskCreate)
    i.BT_SendString                          0x080005a0   Section        0  main.o(i.BT_SendString)
    i.BluetoothSendTask                      0x080005c0   Section        0  main.o(i.BluetoothSendTask)
    BluetoothSendTask                        0x080005c1   Thumb Code    50  main.o(i.BluetoothSendTask)
    i.BusFault_Handler                       0x08000620   Section        0  stm32f1xx_it.o(i.BusFault_Handler)
    i.BuzzerAlarmTask                        0x08000624   Section        0  main.o(i.BuzzerAlarmTask)
    BuzzerAlarmTask                          0x08000625   Thumb Code   110  main.o(i.BuzzerAlarmTask)
    i.DHT11_Init                             0x0800069c   Section        0  main.o(i.DHT11_Init)
    i.DHT11_Read                             0x080006c8   Section        0  main.o(i.DHT11_Read)
    i.DHT_Pin_Input                          0x08000838   Section        0  main.o(i.DHT_Pin_Input)
    DHT_Pin_Input                            0x08000839   Thumb Code    26  main.o(i.DHT_Pin_Input)
    i.DWT_GetUS                              0x08000858   Section        0  main.o(i.DWT_GetUS)
    DWT_GetUS                                0x08000859   Thumb Code    20  main.o(i.DWT_GetUS)
    i.DebugMon_Handler                       0x08000878   Section        0  stm32f1xx_it.o(i.DebugMon_Handler)
    i.Error_Handler                          0x0800087a   Section        0  main.o(i.Error_Handler)
    i.HAL_DMA_Abort                          0x0800087e   Section        0  stm32f1xx_hal_dma.o(i.HAL_DMA_Abort)
    i.HAL_DMA_Abort_IT                       0x080008c8   Section        0  stm32f1xx_hal_dma.o(i.HAL_DMA_Abort_IT)
    i.HAL_Delay                              0x0800096c   Section        0  stm32f1xx_hal.o(i.HAL_Delay)
    i.HAL_GPIO_Init                          0x08000994   Section        0  stm32f1xx_hal_gpio.o(i.HAL_GPIO_Init)
    i.HAL_GPIO_ReadPin                       0x08000b90   Section        0  stm32f1xx_hal_gpio.o(i.HAL_GPIO_ReadPin)
    i.HAL_GPIO_WritePin                      0x08000b9e   Section        0  stm32f1xx_hal_gpio.o(i.HAL_GPIO_WritePin)
    i.HAL_GetTick                            0x08000bac   Section        0  stm32f1xx_hal.o(i.HAL_GetTick)
    i.HAL_Init                               0x08000bb8   Section        0  stm32f1xx_hal.o(i.HAL_Init)
    i.HAL_InitTick                           0x08000bdc   Section        0  stm32f1xx_hal.o(i.HAL_InitTick)
    i.HAL_MspInit                            0x08000c20   Section        0  stm32f1xx_hal_msp.o(i.HAL_MspInit)
    i.HAL_NVIC_SetPriority                   0x08000c5c   Section        0  stm32f1xx_hal_cortex.o(i.HAL_NVIC_SetPriority)
    i.HAL_NVIC_SetPriorityGrouping           0x08000cc4   Section        0  stm32f1xx_hal_cortex.o(i.HAL_NVIC_SetPriorityGrouping)
    i.HAL_RCC_ClockConfig                    0x08000ce8   Section        0  stm32f1xx_hal_rcc.o(i.HAL_RCC_ClockConfig)
    i.HAL_RCC_GetHCLKFreq                    0x08000e68   Section        0  stm32f1xx_hal_rcc.o(i.HAL_RCC_GetHCLKFreq)
    i.HAL_RCC_GetPCLK1Freq                   0x08000e74   Section        0  stm32f1xx_hal_rcc.o(i.HAL_RCC_GetPCLK1Freq)
    i.HAL_RCC_GetPCLK2Freq                   0x08000e94   Section        0  stm32f1xx_hal_rcc.o(i.HAL_RCC_GetPCLK2Freq)
    i.HAL_RCC_GetSysClockFreq                0x08000eb4   Section        0  stm32f1xx_hal_rcc.o(i.HAL_RCC_GetSysClockFreq)
    i.HAL_RCC_OscConfig                      0x08000f04   Section        0  stm32f1xx_hal_rcc.o(i.HAL_RCC_OscConfig)
    i.HAL_SYSTICK_Config                     0x08001330   Section        0  stm32f1xx_hal_cortex.o(i.HAL_SYSTICK_Config)
    i.HAL_UARTEx_ReceiveToIdle_IT            0x08001358   Section        0  stm32f1xx_hal_uart.o(i.HAL_UARTEx_ReceiveToIdle_IT)
    i.HAL_UARTEx_RxEventCallback             0x080013b4   Section        0  main.o(i.HAL_UARTEx_RxEventCallback)
    i.HAL_UART_ErrorCallback                 0x08001450   Section        0  stm32f1xx_hal_uart.o(i.HAL_UART_ErrorCallback)
    i.HAL_UART_IRQHandler                    0x08001454   Section        0  stm32f1xx_hal_uart.o(i.HAL_UART_IRQHandler)
    i.HAL_UART_Init                          0x080016bc   Section        0  stm32f1xx_hal_uart.o(i.HAL_UART_Init)
    i.HAL_UART_MspInit                       0x08001724   Section        0  usart.o(i.HAL_UART_MspInit)
    i.HAL_UART_Receive                       0x080017d8   Section        0  stm32f1xx_hal_uart.o(i.HAL_UART_Receive)
    i.HAL_UART_RxCpltCallback                0x08001894   Section        0  stm32f1xx_hal_uart.o(i.HAL_UART_RxCpltCallback)
    i.HAL_UART_Transmit                      0x08001896   Section        0  stm32f1xx_hal_uart.o(i.HAL_UART_Transmit)
    i.HAL_UART_TxCpltCallback                0x0800194e   Section        0  stm32f1xx_hal_uart.o(i.HAL_UART_TxCpltCallback)
    i.HardFault_Handler                      0x08001950   Section        0  stm32f1xx_it.o(i.HardFault_Handler)
    i.LOS_Align                              0x08001952   Section        0  los_misc.o(i.LOS_Align)
    i.LOS_KernelInit                         0x08001968   Section        0  los_init.o(i.LOS_KernelInit)
    i.LOS_ListAdd                            0x08001a58   Section        0  los_task.o(i.LOS_ListAdd)
    LOS_ListAdd                              0x08001a59   Thumb Code    14  los_task.o(i.LOS_ListAdd)
    i.LOS_ListAdd                            0x08001a66   Section        0  los_mux.o(i.LOS_ListAdd)
    LOS_ListAdd                              0x08001a67   Thumb Code    14  los_mux.o(i.LOS_ListAdd)
    i.LOS_ListAdd                            0x08001a74   Section        0  los_queue.o(i.LOS_ListAdd)
    LOS_ListAdd                              0x08001a75   Thumb Code    14  los_queue.o(i.LOS_ListAdd)
    i.LOS_ListAdd                            0x08001a82   Section        0  los_sem.o(i.LOS_ListAdd)
    LOS_ListAdd                              0x08001a83   Thumb Code    14  los_sem.o(i.LOS_ListAdd)
    i.LOS_ListDelete                         0x08001a90   Section        0  los_task.o(i.LOS_ListDelete)
    LOS_ListDelete                           0x08001a91   Thumb Code    20  los_task.o(i.LOS_ListDelete)
    i.LOS_ListTailInsert                     0x08001aa4   Section        0  los_task.o(i.LOS_ListTailInsert)
    LOS_ListTailInsert                       0x08001aa5   Thumb Code     6  los_task.o(i.LOS_ListTailInsert)
    i.LOS_MemAlloc                           0x08001aaa   Section        0  los_memory.o(i.LOS_MemAlloc)
    i.LOS_MemAllocAlign                      0x08001ad2   Section        0  los_memory.o(i.LOS_MemAllocAlign)
    i.LOS_MemFree                            0x08001ad6   Section        0  los_memory.o(i.LOS_MemFree)
    i.LOS_MemInit                            0x08001afc   Section        0  los_memory.o(i.LOS_MemInit)
    i.LOS_QueueCreate                        0x08001bd8   Section        0  los_queue.o(i.LOS_QueueCreate)
    i.LOS_QueueReadCopy                      0x08001c9c   Section        0  los_queue.o(i.LOS_QueueReadCopy)
    i.LOS_QueueWriteCopy                     0x08001cbe   Section        0  los_queue.o(i.LOS_QueueWriteCopy)
    i.LOS_Schedule                           0x08001ce4   Section        0  los_hw.o(i.LOS_Schedule)
    i.LOS_Start                              0x08001d24   Section        0  los_init.o(i.LOS_Start)
    i.LOS_TaskCreate                         0x08001d60   Section        0  los_task.o(i.LOS_TaskCreate)
    i.LOS_TaskCreateOnly                     0x08001dd0   Section        0  los_task.o(i.LOS_TaskCreateOnly)
    i.LOS_TaskDelay                          0x08001f20   Section        0  los_task.o(i.LOS_TaskDelay)
    i.LOS_TaskDelete                         0x08001f8c   Section        0  los_task.o(i.LOS_TaskDelete)
    i.LOS_TaskYield                          0x080020c4   Section        0  los_task.o(i.LOS_TaskYield)
    i.LOS_TickCountGet                       0x08002134   Section        0  los_sys.o(i.LOS_TickCountGet)
    i.LedIndicatorTask                       0x08002140   Section        0  main.o(i.LedIndicatorTask)
    LedIndicatorTask                         0x08002141   Thumb Code    58  main.o(i.LedIndicatorTask)
    i.MX_GPIO_Init                           0x08002184   Section        0  gpio.o(i.MX_GPIO_Init)
    i.MX_USART1_UART_Init                    0x080021f4   Section        0  usart.o(i.MX_USART1_UART_Init)
    i.MX_USART2_UART_Init                    0x0800222c   Section        0  usart.o(i.MX_USART2_UART_Init)
    i.MemManage_Handler                      0x08002264   Section        0  stm32f1xx_it.o(i.MemManage_Handler)
    i.NMI_Handler                            0x08002266   Section        0  stm32f1xx_it.o(i.NMI_Handler)
    i.RCC_Delay                              0x08002268   Section        0  stm32f1xx_hal_rcc.o(i.RCC_Delay)
    RCC_Delay                                0x08002269   Thumb Code    32  stm32f1xx_hal_rcc.o(i.RCC_Delay)
    i.SVC_Handler                            0x0800228c   Section        0  stm32f1xx_it.o(i.SVC_Handler)
    i.SensorReadTask                         0x08002290   Section        0  main.o(i.SensorReadTask)
    SensorReadTask                           0x08002291   Thumb Code   128  main.o(i.SensorReadTask)
    i.SysTick_Handler                        0x08002360   Section        0  los_hwi.o(i.SysTick_Handler)
    i.SystemClock_Config                     0x08002384   Section        0  main.o(i.SystemClock_Config)
    i.SystemInit                             0x080023e0   Section        0  system_stm32f1xx.o(i.SystemInit)
    i.UART_DMAAbortOnError                   0x08002428   Section        0  stm32f1xx_hal_uart.o(i.UART_DMAAbortOnError)
    UART_DMAAbortOnError                     0x08002429   Thumb Code    16  stm32f1xx_hal_uart.o(i.UART_DMAAbortOnError)
    i.UART_EndRxTransfer                     0x08002438   Section        0  stm32f1xx_hal_uart.o(i.UART_EndRxTransfer)
    UART_EndRxTransfer                       0x08002439   Thumb Code    78  stm32f1xx_hal_uart.o(i.UART_EndRxTransfer)
    i.UART_EndTransmit_IT                    0x08002486   Section        0  stm32f1xx_hal_uart.o(i.UART_EndTransmit_IT)
    UART_EndTransmit_IT                      0x08002487   Thumb Code    26  stm32f1xx_hal_uart.o(i.UART_EndTransmit_IT)
    i.UART_Receive_IT                        0x080024a0   Section        0  stm32f1xx_hal_uart.o(i.UART_Receive_IT)
    UART_Receive_IT                          0x080024a1   Thumb Code   202  stm32f1xx_hal_uart.o(i.UART_Receive_IT)
    i.UART_SetConfig                         0x0800256c   Section        0  stm32f1xx_hal_uart.o(i.UART_SetConfig)
    UART_SetConfig                           0x0800256d   Thumb Code   194  stm32f1xx_hal_uart.o(i.UART_SetConfig)
    i.UART_Start_Receive_IT                  0x08002634   Section        0  stm32f1xx_hal_uart.o(i.UART_Start_Receive_IT)
    i.UART_Transmit_IT                       0x0800266c   Section        0  stm32f1xx_hal_uart.o(i.UART_Transmit_IT)
    UART_Transmit_IT                         0x0800266d   Thumb Code    94  stm32f1xx_hal_uart.o(i.UART_Transmit_IT)
    i.UART_WaitOnFlagUntilTimeout            0x080026ca   Section        0  stm32f1xx_hal_uart.o(i.UART_WaitOnFlagUntilTimeout)
    UART_WaitOnFlagUntilTimeout              0x080026cb   Thumb Code   142  stm32f1xx_hal_uart.o(i.UART_WaitOnFlagUntilTimeout)
    i.USART1_IRQHandler                      0x08002758   Section        0  stm32f1xx_it.o(i.USART1_IRQHandler)
    i.USART2_IRQHandler                      0x08002764   Section        0  stm32f1xx_it.o(i.USART2_IRQHandler)
    i.UsageFault_Handler                     0x08002770   Section        0  stm32f1xx_it.o(i.UsageFault_Handler)
    i.__0printf$8                            0x08002774   Section        0  printf8.o(i.__0printf$8)
    i.__0sprintf$8                           0x08002794   Section        0  printf8.o(i.__0sprintf$8)
    i.__scatterload_copy                     0x080027bc   Section       14  handlers.o(i.__scatterload_copy)
    i.__scatterload_null                     0x080027ca   Section        2  handlers.o(i.__scatterload_null)
    i.__scatterload_zeroinit                 0x080027cc   Section       14  handlers.o(i.__scatterload_zeroinit)
    i._printf_core                           0x080027dc   Section        0  printf8.o(i._printf_core)
    _printf_core                             0x080027dd   Thumb Code   996  printf8.o(i._printf_core)
    i._printf_post_padding                   0x08002bec   Section        0  printf8.o(i._printf_post_padding)
    _printf_post_padding                     0x08002bed   Thumb Code    36  printf8.o(i._printf_post_padding)
    i._printf_pre_padding                    0x08002c10   Section        0  printf8.o(i._printf_pre_padding)
    _printf_pre_padding                      0x08002c11   Thumb Code    46  printf8.o(i._printf_pre_padding)
    i._sputc                                 0x08002c3e   Section        0  printf8.o(i._sputc)
    _sputc                                   0x08002c3f   Thumb Code    10  printf8.o(i._sputc)
    i.fputc                                  0x08002c48   Section        0  main.o(i.fputc)
    i.main                                   0x08002c60   Section        0  main.o(i.main)
    i.osAlarmHeapInfo                        0x08002f14   Section        0  los_heap.o(i.osAlarmHeapInfo)
    i.osAtomicBitsetClearBit                 0x08002f2e   Section        0  los_slab.o(i.osAtomicBitsetClearBit)
    i.osAtomicBitsetFindClearAndSet          0x08002f4c   Section        0  los_slab.o(i.osAtomicBitsetFindClearAndSet)
    i.osAtomicBitsetGetBit                   0x08002f8e   Section        0  los_slab.o(i.osAtomicBitsetGetBit)
    i.osAtomicBitsetInit                     0x08002fb0   Section        0  los_slab.o(i.osAtomicBitsetInit)
    i.osHeapAlloc                            0x08002fdc   Section        0  los_heap.o(i.osHeapAlloc)
    i.osHeapAllocAlign                       0x080030fc   Section        0  los_heap.o(i.osHeapAllocAlign)
    i.osHeapFree                             0x08003138   Section        0  los_heap.o(i.osHeapFree)
    i.osHeapInit                             0x0800323c   Section        0  los_heap.o(i.osHeapInit)
    i.osHeapPrvGetNext                       0x08003276   Section        0  los_heap.o(i.osHeapPrvGetNext)
    i.osHeapStatisticsGet                    0x0800328c   Section        0  los_heap.o(i.osHeapStatisticsGet)
    i.osIdleTask                             0x080032d4   Section        0  los_task.o(i.osIdleTask)
    i.osIdleTaskCreate                       0x080032d8   Section        0  los_task.o(i.osIdleTaskCreate)
    i.osIntNumGet                            0x08003318   Section        0  los_hwi.o(i.osIntNumGet)
    i.osMemSystemInit                        0x08003320   Section        0  los_memory.o(i.osMemSystemInit)
    i.osMuxInit                              0x08003334   Section        0  los_mux.o(i.osMuxInit)
    i.osPriqueueDequeue                      0x0800338c   Section        0  los_priqueue.o(i.osPriqueueDequeue)
    i.osPriqueueEnqueue                      0x080033c4   Section        0  los_priqueue.o(i.osPriqueueEnqueue)
    i.osPriqueueInit                         0x080033f4   Section        0  los_priqueue.o(i.osPriqueueInit)
    i.osPriqueueSize                         0x08003428   Section        0  los_priqueue.o(i.osPriqueueSize)
    i.osPriqueueTop                          0x0800344c   Section        0  los_priqueue.o(i.osPriqueueTop)
    i.osQueueBufferOperate                   0x08003468   Section        0  los_queue.o(i.osQueueBufferOperate)
    osQueueBufferOperate                     0x08003469   Thumb Code   168  los_queue.o(i.osQueueBufferOperate)
    i.osQueueInit                            0x08003538   Section        0  los_queue.o(i.osQueueInit)
    i.osQueueOperate                         0x08003594   Section        0  los_queue.o(i.osQueueOperate)
    i.osQueueReadParameterCheck              0x080036fc   Section        0  los_queue.o(i.osQueueReadParameterCheck)
    osQueueReadParameterCheck                0x080036fd   Thumb Code    48  los_queue.o(i.osQueueReadParameterCheck)
    i.osQueueWriteParameterCheck             0x08003730   Section        0  los_queue.o(i.osQueueWriteParameterCheck)
    osQueueWriteParameterCheck               0x08003731   Thumb Code    46  los_queue.o(i.osQueueWriteParameterCheck)
    i.osSchedule                             0x08003764   Section        0  los_hw.o(i.osSchedule)
    i.osSemInit                              0x08003768   Section        0  los_sem.o(i.osSemInit)
    i.osSlabAllocatorAlloc                   0x080037bc   Section        0  los_slab.o(i.osSlabAllocatorAlloc)
    i.osSlabAllocatorFree                    0x080037d8   Section        0  los_slab.o(i.osSlabAllocatorFree)
    i.osSlabAllocatorNew                     0x08003810   Section        0  los_slab.o(i.osSlabAllocatorNew)
    i.osSlabBlockHeadFill                    0x08003856   Section        0  los_slabmem.o(i.osSlabBlockHeadFill)
    i.osSlabCtrlHdrGet                       0x0800386a   Section        0  los_memory.o(i.osSlabCtrlHdrGet)
    i.osSlabMemAlloc                         0x0800386e   Section        0  los_slabmem.o(i.osSlabMemAlloc)
    i.osSlabMemFree                          0x080038d0   Section        0  los_slabmem.o(i.osSlabMemFree)
    i.osSlabMemInit                          0x08003930   Section        0  los_slabmem.o(i.osSlabMemInit)
    i.osSwTmrInit                            0x08003984   Section        0  los_swtmr.o(i.osSwTmrInit)
    i.osSwTmrStart                           0x08003a04   Section        0  los_swtmr.o(i.osSwTmrStart)
    i.osSwTmrTask                            0x08003b8c   Section        0  los_swtmr.o(i.osSwTmrTask)
    i.osSwTmrTaskCreate                      0x08003bc8   Section        0  los_swtmr.o(i.osSwTmrTaskCreate)
    i.osSwTmrTimeoutHandle                   0x08003c08   Section        0  los_swtmr.o(i.osSwTmrTimeoutHandle)
    osSwTmrTimeoutHandle                     0x08003c09   Thumb Code    98  los_swtmr.o(i.osSwTmrTimeoutHandle)
    i.osSwtmrDelete                          0x08003c70   Section        0  los_swtmr.o(i.osSwtmrDelete)
    osSwtmrDelete                            0x08003c71   Thumb Code    26  los_swtmr.o(i.osSwtmrDelete)
    i.osSwtmrScan                            0x08003c94   Section        0  los_swtmr.o(i.osSwtmrScan)
    i.osTaskAdd2TimerList                    0x08003cb0   Section        0  los_task.o(i.osTaskAdd2TimerList)
    i.osTaskEntry                            0x08003d34   Section        0  los_task.o(i.osTaskEntry)
    i.osTaskExit                             0x08003d60   Section        0  los_hw.o(i.osTaskExit)
    i.osTaskInit                             0x08003d64   Section        0  los_task.o(i.osTaskInit)
    i.osTaskMonInit                          0x08003e38   Section        0  los_task.o(i.osTaskMonInit)
    i.osTaskScan                             0x08003e64   Section        0  los_task.o(i.osTaskScan)
    i.osTaskSwitchCheck                      0x08003f18   Section        0  los_task.o(i.osTaskSwitchCheck)
    i.osTaskWait                             0x08004054   Section        0  los_task.o(i.osTaskWait)
    i.osTaskWake                             0x080040a0   Section        0  los_task.o(i.osTaskWake)
    i.osTickHandler                          0x080040e0   Section        0  los_tick.o(i.osTickHandler)
    i.osTickStart                            0x08004108   Section        0  los_hw_tick.o(i.osTickStart)
    i.osTimerListDelete                      0x08004178   Section        0  los_task.o(i.osTimerListDelete)
    i.osTimesliceCheck                       0x080041ac   Section        0  los_timeslice.o(i.osTimesliceCheck)
    i.osTimesliceInit                        0x080041e4   Section        0  los_timeslice.o(i.osTimesliceInit)
    i.osTskStackInit                         0x080041f4   Section        0  los_hw.o(i.osTskStackInit)
    .constdata                               0x08004274   Section       18  stm32f1xx_hal_rcc.o(.constdata)
    aPredivFactorTable                       0x08004274   Data           2  stm32f1xx_hal_rcc.o(.constdata)
    aPLLMULFactorTable                       0x08004276   Data          16  stm32f1xx_hal_rcc.o(.constdata)
    .constdata                               0x08004286   Section       16  system_stm32f1xx.o(.constdata)
    .constdata                               0x08004296   Section        8  system_stm32f1xx.o(.constdata)
    .data                                    0x20000000   Section       24  main.o(.data)
    .data                                    0x20000018   Section        8  los_priqueue.o(.data)
    g_uwPriQueueBitmap                       0x20000018   Data           4  los_priqueue.o(.data)
    .data                                    0x20000020   Section       28  los_swtmr.o(.data)
    m_uwSwtimerRousesTime                    0x20000020   Data           4  los_swtmr.o(.data)
    m_pstRouses                              0x20000024   Data           4  los_swtmr.o(.data)
    m_pstRousesPrev                          0x20000028   Data           4  los_swtmr.o(.data)
    .data                                    0x2000003c   Section       72  los_task.o(.data)
    .data                                    0x20000084   Section        4  los_tick.o(.data)
    .data                                    0x20000088   Section       16  los_tick.o(.data)
    .data                                    0x20000098   Section        4  los_tick.o(.data)
    .data                                    0x2000009c   Section        8  los_timeslice.o(.data)
    .data                                    0x200000a4   Section       12  los_mux.o(.data)
    .data                                    0x200000b0   Section       12  los_queue.o(.data)
    .data                                    0x200000bc   Section       12  los_sem.o(.data)
    .data                                    0x200000c8   Section       16  los_heap.o(.data)
    g_uwAllocCount                           0x200000c8   Data           4  los_heap.o(.data)
    g_uwFreeCount                            0x200000cc   Data           4  los_heap.o(.data)
    g_uwCurHeapUsed                          0x200000d0   Data           4  los_heap.o(.data)
    g_uwMaxHeapUsed                          0x200000d4   Data           4  los_heap.o(.data)
    .data                                    0x200000d8   Section        4  los_memory.o(.data)
    .data                                    0x200000dc   Section        4  los_init.o(.data)
    .data                                    0x200000e0   Section       12  stm32f1xx_hal.o(.data)
    .data                                    0x200000ec   Section        4  system_stm32f1xx.o(.data)
    .data                                    0x200000f0   Section        4  stdout.o(.data)
    .bss                                     0x200000f4   Section      144  usart.o(.bss)
    .bss                                     0x20000184   Section      200  main.o(.bss)
    .bss                                     0x2000024c   Section       64  los_swtmr.o(.bss)
    .bss                                     0x2000028c   Section      342  los_task.o(.bss)
    STACK                                    0x200003e8   Section     1024  startup_stm32f103xb.o(STACK)

    Global Symbols

    Symbol Name                              Value     Ov Type        Size  Object(Section)

    BuildAttributes$$THM_ISAv4$P$D$K$B$S$PE$A:L22UL41UL21$X:L11$S22US41US21$IEEE1$IW$USESV6$~STKCKD$USESV7$~SHL$OTIME$ROPI$EBA8$MICROLIB$REQ8$PRES8$EABIv2 0x00000000   Number         0  anon$$obj.o ABSOLUTE
    __ARM_use_no_argv                        0x00000000   Number         0  main.o ABSOLUTE
    _printf_a                                0x00000000   Number         0  stubs.o ABSOLUTE
    _printf_c                                0x00000000   Number         0  stubs.o ABSOLUTE
    _printf_charcount                        0x00000000   Number         0  stubs.o ABSOLUTE
    _printf_d                                0x00000000   Number         0  stubs.o ABSOLUTE
    _printf_e                                0x00000000   Number         0  stubs.o ABSOLUTE
    _printf_f                                0x00000000   Number         0  stubs.o ABSOLUTE
    _printf_flags                            0x00000000   Number         0  stubs.o ABSOLUTE
    _printf_fp_dec                           0x00000000   Number         0  stubs.o ABSOLUTE
    _printf_fp_hex                           0x00000000   Number         0  stubs.o ABSOLUTE
    _printf_g                                0x00000000   Number         0  stubs.o ABSOLUTE
    _printf_i                                0x00000000   Number         0  stubs.o ABSOLUTE
    _printf_int_dec                          0x00000000   Number         0  stubs.o ABSOLUTE
    _printf_l                                0x00000000   Number         0  stubs.o ABSOLUTE
    _printf_lc                               0x00000000   Number         0  stubs.o ABSOLUTE
    _printf_ll                               0x00000000   Number         0  stubs.o ABSOLUTE
    _printf_lld                              0x00000000   Number         0  stubs.o ABSOLUTE
    _printf_lli                              0x00000000   Number         0  stubs.o ABSOLUTE
    _printf_llo                              0x00000000   Number         0  stubs.o ABSOLUTE
    _printf_llu                              0x00000000   Number         0  stubs.o ABSOLUTE
    _printf_llx                              0x00000000   Number         0  stubs.o ABSOLUTE
    _printf_longlong_dec                     0x00000000   Number         0  stubs.o ABSOLUTE
    _printf_longlong_hex                     0x00000000   Number         0  stubs.o ABSOLUTE
    _printf_longlong_oct                     0x00000000   Number         0  stubs.o ABSOLUTE
    _printf_ls                               0x00000000   Number         0  stubs.o ABSOLUTE
    _printf_mbtowc                           0x00000000   Number         0  stubs.o ABSOLUTE
    _printf_n                                0x00000000   Number         0  stubs.o ABSOLUTE
    _printf_o                                0x00000000   Number         0  stubs.o ABSOLUTE
    _printf_p                                0x00000000   Number         0  stubs.o ABSOLUTE
    _printf_percent                          0x00000000   Number         0  stubs.o ABSOLUTE
    _printf_pre_padding                      0x00000000   Number         0  stubs.o ABSOLUTE
    _printf_return_value                     0x00000000   Number         0  stubs.o ABSOLUTE
    _printf_s                                0x00000000   Number         0  stubs.o ABSOLUTE
    _printf_sizespec                         0x00000000   Number         0  stubs.o ABSOLUTE
    _printf_str                              0x00000000   Number         0  stubs.o ABSOLUTE
    _printf_truncate_signed                  0x00000000   Number         0  stubs.o ABSOLUTE
    _printf_truncate_unsigned                0x00000000   Number         0  stubs.o ABSOLUTE
    _printf_u                                0x00000000   Number         0  stubs.o ABSOLUTE
    _printf_wc                               0x00000000   Number         0  stubs.o ABSOLUTE
    _printf_wctomb                           0x00000000   Number         0  stubs.o ABSOLUTE
    _printf_widthprec                        0x00000000   Number         0  stubs.o ABSOLUTE
    _printf_x                                0x00000000   Number         0  stubs.o ABSOLUTE
    __cpp_initialize__aeabi_                  - Undefined Weak Reference
    __cxa_finalize                            - Undefined Weak Reference
    __decompress                              - Undefined Weak Reference
    _clock_init                               - Undefined Weak Reference
    _microlib_exit                            - Undefined Weak Reference
    __Vectors_Size                           0x000000ec   Number         0  startup_stm32f103xb.o ABSOLUTE
    __Vectors                                0x08000000   Data           4  startup_stm32f103xb.o(RESET)
    __Vectors_End                            0x080000ec   Data           0  startup_stm32f103xb.o(RESET)
    __main                                   0x080000ed   Thumb Code     0  entry.o(.ARM.Collect$$$$00000000)
    _main_stk                                0x080000ed   Thumb Code     0  entry2.o(.ARM.Collect$$$$00000001)
    _main_scatterload                        0x080000f1   Thumb Code     0  entry5.o(.ARM.Collect$$$$00000004)
    __main_after_scatterload                 0x080000f5   Thumb Code     0  entry5.o(.ARM.Collect$$$$00000004)
    _main_clock                              0x080000f5   Thumb Code     0  entry7b.o(.ARM.Collect$$$$00000008)
    _main_cpp_init                           0x080000f5   Thumb Code     0  entry8b.o(.ARM.Collect$$$$0000000A)
    _main_init                               0x080000f5   Thumb Code     0  entry9a.o(.ARM.Collect$$$$0000000B)
    __rt_final_cpp                           0x080000fd   Thumb Code     0  entry10a.o(.ARM.Collect$$$$0000000D)
    __rt_final_exit                          0x080000fd   Thumb Code     0  entry11a.o(.ARM.Collect$$$$0000000F)
    Reset_Handler                            0x08000101   Thumb Code     8  startup_stm32f103xb.o(.text)
    ADC1_2_IRQHandler                        0x0800011b   Thumb Code     0  startup_stm32f103xb.o(.text)
    CAN1_RX1_IRQHandler                      0x0800011b   Thumb Code     0  startup_stm32f103xb.o(.text)
    CAN1_SCE_IRQHandler                      0x0800011b   Thumb Code     0  startup_stm32f103xb.o(.text)
    DMA1_Channel1_IRQHandler                 0x0800011b   Thumb Code     0  startup_stm32f103xb.o(.text)
    DMA1_Channel2_IRQHandler                 0x0800011b   Thumb Code     0  startup_stm32f103xb.o(.text)
    DMA1_Channel3_IRQHandler                 0x0800011b   Thumb Code     0  startup_stm32f103xb.o(.text)
    DMA1_Channel4_IRQHandler                 0x0800011b   Thumb Code     0  startup_stm32f103xb.o(.text)
    DMA1_Channel5_IRQHandler                 0x0800011b   Thumb Code     0  startup_stm32f103xb.o(.text)
    DMA1_Channel6_IRQHandler                 0x0800011b   Thumb Code     0  startup_stm32f103xb.o(.text)
    DMA1_Channel7_IRQHandler                 0x0800011b   Thumb Code     0  startup_stm32f103xb.o(.text)
    EXTI0_IRQHandler                         0x0800011b   Thumb Code     0  startup_stm32f103xb.o(.text)
    EXTI15_10_IRQHandler                     0x0800011b   Thumb Code     0  startup_stm32f103xb.o(.text)
    EXTI1_IRQHandler                         0x0800011b   Thumb Code     0  startup_stm32f103xb.o(.text)
    EXTI2_IRQHandler                         0x0800011b   Thumb Code     0  startup_stm32f103xb.o(.text)
    EXTI3_IRQHandler                         0x0800011b   Thumb Code     0  startup_stm32f103xb.o(.text)
    EXTI4_IRQHandler                         0x0800011b   Thumb Code     0  startup_stm32f103xb.o(.text)
    EXTI9_5_IRQHandler                       0x0800011b   Thumb Code     0  startup_stm32f103xb.o(.text)
    FLASH_IRQHandler                         0x0800011b   Thumb Code     0  startup_stm32f103xb.o(.text)
    I2C1_ER_IRQHandler                       0x0800011b   Thumb Code     0  startup_stm32f103xb.o(.text)
    I2C1_EV_IRQHandler                       0x0800011b   Thumb Code     0  startup_stm32f103xb.o(.text)
    I2C2_ER_IRQHandler                       0x0800011b   Thumb Code     0  startup_stm32f103xb.o(.text)
    I2C2_EV_IRQHandler                       0x0800011b   Thumb Code     0  startup_stm32f103xb.o(.text)
    PVD_IRQHandler                           0x0800011b   Thumb Code     0  startup_stm32f103xb.o(.text)
    RCC_IRQHandler                           0x0800011b   Thumb Code     0  startup_stm32f103xb.o(.text)
    RTC_Alarm_IRQHandler                     0x0800011b   Thumb Code     0  startup_stm32f103xb.o(.text)
    RTC_IRQHandler                           0x0800011b   Thumb Code     0  startup_stm32f103xb.o(.text)
    SPI1_IRQHandler                          0x0800011b   Thumb Code     0  startup_stm32f103xb.o(.text)
    SPI2_IRQHandler                          0x0800011b   Thumb Code     0  startup_stm32f103xb.o(.text)
    TAMPER_IRQHandler                        0x0800011b   Thumb Code     0  startup_stm32f103xb.o(.text)
    TIM1_BRK_IRQHandler                      0x0800011b   Thumb Code     0  startup_stm32f103xb.o(.text)
    TIM1_CC_IRQHandler                       0x0800011b   Thumb Code     0  startup_stm32f103xb.o(.text)
    TIM1_TRG_COM_IRQHandler                  0x0800011b   Thumb Code     0  startup_stm32f103xb.o(.text)
    TIM1_UP_IRQHandler                       0x0800011b   Thumb Code     0  startup_stm32f103xb.o(.text)
    TIM2_IRQHandler                          0x0800011b   Thumb Code     0  startup_stm32f103xb.o(.text)
    TIM3_IRQHandler                          0x0800011b   Thumb Code     0  startup_stm32f103xb.o(.text)
    TIM4_IRQHandler                          0x0800011b   Thumb Code     0  startup_stm32f103xb.o(.text)
    USART3_IRQHandler                        0x0800011b   Thumb Code     0  startup_stm32f103xb.o(.text)
    USBWakeUp_IRQHandler                     0x0800011b   Thumb Code     0  startup_stm32f103xb.o(.text)
    USB_HP_CAN1_TX_IRQHandler                0x0800011b   Thumb Code     0  startup_stm32f103xb.o(.text)
    USB_LP_CAN1_RX0_IRQHandler               0x0800011b   Thumb Code     0  startup_stm32f103xb.o(.text)
    WWDG_IRQHandler                          0x0800011b   Thumb Code     0  startup_stm32f103xb.o(.text)
    LOS_StartToRun                           0x08000125   Thumb Code     0  los_dispatch_keil.o(.text)
    LOS_IntLock                              0x0800016d   Thumb Code     0  los_dispatch_keil.o(.text)
    LOS_IntUnLock                            0x08000175   Thumb Code     0  los_dispatch_keil.o(.text)
    LOS_IntRestore                           0x0800017d   Thumb Code     0  los_dispatch_keil.o(.text)
    osTaskSchedule                           0x08000183   Thumb Code     0  los_dispatch_keil.o(.text)
    PendSV_Handler                           0x0800018d   Thumb Code     0  los_dispatch_keil.o(.text)
    __aeabi_uldivmod                         0x080001f1   Thumb Code    98  uldiv.o(.text)
    __aeabi_llsr                             0x08000253   Thumb Code    32  llushr.o(.text)
    _ll_ushift_r                             0x08000253   Thumb Code     0  llushr.o(.text)
    __aeabi_memcpy                           0x08000273   Thumb Code    36  memcpya.o(.text)
    __aeabi_memcpy4                          0x08000273   Thumb Code     0  memcpya.o(.text)
    __aeabi_memcpy8                          0x08000273   Thumb Code     0  memcpya.o(.text)
    __aeabi_memset                           0x08000297   Thumb Code    14  memseta.o(.text)
    __aeabi_memset4                          0x08000297   Thumb Code     0  memseta.o(.text)
    __aeabi_memset8                          0x08000297   Thumb Code     0  memseta.o(.text)
    __aeabi_memclr                           0x080002a5   Thumb Code     4  memseta.o(.text)
    __aeabi_memclr4                          0x080002a5   Thumb Code     0  memseta.o(.text)
    __aeabi_memclr8                          0x080002a5   Thumb Code     0  memseta.o(.text)
    _memset$wrapper                          0x080002a9   Thumb Code    18  memseta.o(.text)
    strstr                                   0x080002bb   Thumb Code    36  strstr.o(.text)
    strlen                                   0x080002df   Thumb Code    14  strlen.o(.text)
    __aeabi_llsl                             0x080002ed   Thumb Code    30  llshl.o(.text)
    _ll_shift_l                              0x080002ed   Thumb Code     0  llshl.o(.text)
    __scatterload                            0x0800030d   Thumb Code    28  init.o(.text)
    __scatterload_rt2                        0x0800030d   Thumb Code     0  init.o(.text)
    AT09_Configure                           0x08000331   Thumb Code    34  main.o(i.AT09_Configure)
    AT09_SendCommand                         0x08000379   Thumb Code   120  main.o(i.AT09_SendCommand)
    AT09_StartReceiveIT                      0x08000431   Thumb Code    10  main.o(i.AT09_StartReceiveIT)
    BT_SendString                            0x080005a1   Thumb Code    26  main.o(i.BT_SendString)
    BusFault_Handler                         0x08000621   Thumb Code     2  stm32f1xx_it.o(i.BusFault_Handler)
    DHT11_Init                               0x0800069d   Thumb Code    34  main.o(i.DHT11_Init)
    DHT11_Read                               0x080006c9   Thumb Code   362  main.o(i.DHT11_Read)
    DebugMon_Handler                         0x08000879   Thumb Code     2  stm32f1xx_it.o(i.DebugMon_Handler)
    Error_Handler                            0x0800087b   Thumb Code     4  main.o(i.Error_Handler)
    HAL_DMA_Abort                            0x0800087f   Thumb Code    72  stm32f1xx_hal_dma.o(i.HAL_DMA_Abort)
    HAL_DMA_Abort_IT                         0x080008c9   Thumb Code   136  stm32f1xx_hal_dma.o(i.HAL_DMA_Abort_IT)
    HAL_Delay                                0x0800096d   Thumb Code    34  stm32f1xx_hal.o(i.HAL_Delay)
    HAL_GPIO_Init                            0x08000995   Thumb Code   496  stm32f1xx_hal_gpio.o(i.HAL_GPIO_Init)
    HAL_GPIO_ReadPin                         0x08000b91   Thumb Code    14  stm32f1xx_hal_gpio.o(i.HAL_GPIO_ReadPin)
    HAL_GPIO_WritePin                        0x08000b9f   Thumb Code    14  stm32f1xx_hal_gpio.o(i.HAL_GPIO_WritePin)
    HAL_GetTick                              0x08000bad   Thumb Code     6  stm32f1xx_hal.o(i.HAL_GetTick)
    HAL_Init                                 0x08000bb9   Thumb Code    32  stm32f1xx_hal.o(i.HAL_Init)
    HAL_InitTick                             0x08000bdd   Thumb Code    58  stm32f1xx_hal.o(i.HAL_InitTick)
    HAL_MspInit                              0x08000c21   Thumb Code    52  stm32f1xx_hal_msp.o(i.HAL_MspInit)
    HAL_NVIC_SetPriority                     0x08000c5d   Thumb Code    98  stm32f1xx_hal_cortex.o(i.HAL_NVIC_SetPriority)
    HAL_NVIC_SetPriorityGrouping             0x08000cc5   Thumb Code    30  stm32f1xx_hal_cortex.o(i.HAL_NVIC_SetPriorityGrouping)
    HAL_RCC_ClockConfig                      0x08000ce9   Thumb Code   364  stm32f1xx_hal_rcc.o(i.HAL_RCC_ClockConfig)
    HAL_RCC_GetHCLKFreq                      0x08000e69   Thumb Code     6  stm32f1xx_hal_rcc.o(i.HAL_RCC_GetHCLKFreq)
    HAL_RCC_GetPCLK1Freq                     0x08000e75   Thumb Code    22  stm32f1xx_hal_rcc.o(i.HAL_RCC_GetPCLK1Freq)
    HAL_RCC_GetPCLK2Freq                     0x08000e95   Thumb Code    22  stm32f1xx_hal_rcc.o(i.HAL_RCC_GetPCLK2Freq)
    HAL_RCC_GetSysClockFreq                  0x08000eb5   Thumb Code    58  stm32f1xx_hal_rcc.o(i.HAL_RCC_GetSysClockFreq)
    HAL_RCC_OscConfig                        0x08000f05   Thumb Code  1068  stm32f1xx_hal_rcc.o(i.HAL_RCC_OscConfig)
    HAL_SYSTICK_Config                       0x08001331   Thumb Code    36  stm32f1xx_hal_cortex.o(i.HAL_SYSTICK_Config)
    HAL_UARTEx_ReceiveToIdle_IT              0x08001359   Thumb Code    92  stm32f1xx_hal_uart.o(i.HAL_UARTEx_ReceiveToIdle_IT)
    HAL_UARTEx_RxEventCallback               0x080013b5   Thumb Code    90  main.o(i.HAL_UARTEx_RxEventCallback)
    HAL_UART_ErrorCallback                   0x08001451   Thumb Code     2  stm32f1xx_hal_uart.o(i.HAL_UART_ErrorCallback)
    HAL_UART_IRQHandler                      0x08001455   Thumb Code   610  stm32f1xx_hal_uart.o(i.HAL_UART_IRQHandler)
    HAL_UART_Init                            0x080016bd   Thumb Code   102  stm32f1xx_hal_uart.o(i.HAL_UART_Init)
    HAL_UART_MspInit                         0x08001725   Thumb Code   158  usart.o(i.HAL_UART_MspInit)
    HAL_UART_Receive                         0x080017d9   Thumb Code   188  stm32f1xx_hal_uart.o(i.HAL_UART_Receive)
    HAL_UART_RxCpltCallback                  0x08001895   Thumb Code     2  stm32f1xx_hal_uart.o(i.HAL_UART_RxCpltCallback)
    HAL_UART_Transmit                        0x08001897   Thumb Code   184  stm32f1xx_hal_uart.o(i.HAL_UART_Transmit)
    HAL_UART_TxCpltCallback                  0x0800194f   Thumb Code     2  stm32f1xx_hal_uart.o(i.HAL_UART_TxCpltCallback)
    HardFault_Handler                        0x08001951   Thumb Code     2  stm32f1xx_it.o(i.HardFault_Handler)
    LOS_Align                                0x08001953   Thumb Code    20  los_misc.o(i.LOS_Align)
    LOS_KernelInit                           0x08001969   Thumb Code   130  los_init.o(i.LOS_KernelInit)
    LOS_MemAlloc                             0x08001aab   Thumb Code    40  los_memory.o(i.LOS_MemAlloc)
    LOS_MemAllocAlign                        0x08001ad3   Thumb Code     4  los_memory.o(i.LOS_MemAllocAlign)
    LOS_MemFree                              0x08001ad7   Thumb Code    38  los_memory.o(i.LOS_MemFree)
    LOS_MemInit                              0x08001afd   Thumb Code   160  los_memory.o(i.LOS_MemInit)
    LOS_QueueCreate                          0x08001bd9   Thumb Code   182  los_queue.o(i.LOS_QueueCreate)
    LOS_QueueReadCopy                        0x08001c9d   Thumb Code    34  los_queue.o(i.LOS_QueueReadCopy)
    LOS_QueueWriteCopy                       0x08001cbf   Thumb Code    38  los_queue.o(i.LOS_QueueWriteCopy)
    LOS_Schedule                             0x08001ce5   Thumb Code    54  los_hw.o(i.LOS_Schedule)
    LOS_Start                                0x08001d25   Thumb Code    32  los_init.o(i.LOS_Start)
    LOS_TaskCreate                           0x08001d61   Thumb Code   106  los_task.o(i.LOS_TaskCreate)
    LOS_TaskCreateOnly                       0x08001dd1   Thumb Code   310  los_task.o(i.LOS_TaskCreateOnly)
    LOS_TaskDelay                            0x08001f21   Thumb Code    94  los_task.o(i.LOS_TaskDelay)
    LOS_TaskDelete                           0x08001f8d   Thumb Code   298  los_task.o(i.LOS_TaskDelete)
    LOS_TaskYield                            0x080020c5   Thumb Code   102  los_task.o(i.LOS_TaskYield)
    LOS_TickCountGet                         0x08002135   Thumb Code     8  los_sys.o(i.LOS_TickCountGet)
    MX_GPIO_Init                             0x08002185   Thumb Code   104  gpio.o(i.MX_GPIO_Init)
    MX_USART1_UART_Init                      0x080021f5   Thumb Code    48  usart.o(i.MX_USART1_UART_Init)
    MX_USART2_UART_Init                      0x0800222d   Thumb Code    48  usart.o(i.MX_USART2_UART_Init)
    MemManage_Handler                        0x08002265   Thumb Code     2  stm32f1xx_it.o(i.MemManage_Handler)
    NMI_Handler                              0x08002267   Thumb Code     2  stm32f1xx_it.o(i.NMI_Handler)
    SVC_Handler                              0x0800228d   Thumb Code     2  stm32f1xx_it.o(i.SVC_Handler)
    SysTick_Handler                          0x08002361   Thumb Code    28  los_hwi.o(i.SysTick_Handler)
    SystemClock_Config                       0x08002385   Thumb Code    92  main.o(i.SystemClock_Config)
    SystemInit                               0x080023e1   Thumb Code    60  system_stm32f1xx.o(i.SystemInit)
    UART_Start_Receive_IT                    0x08002635   Thumb Code    56  stm32f1xx_hal_uart.o(i.UART_Start_Receive_IT)
    USART1_IRQHandler                        0x08002759   Thumb Code     6  stm32f1xx_it.o(i.USART1_IRQHandler)
    USART2_IRQHandler                        0x08002765   Thumb Code     6  stm32f1xx_it.o(i.USART2_IRQHandler)
    UsageFault_Handler                       0x08002771   Thumb Code     2  stm32f1xx_it.o(i.UsageFault_Handler)
    __0printf$8                              0x08002775   Thumb Code    22  printf8.o(i.__0printf$8)
    __1printf$8                              0x08002775   Thumb Code     0  printf8.o(i.__0printf$8)
    __2printf                                0x08002775   Thumb Code     0  printf8.o(i.__0printf$8)
    __0sprintf$8                             0x08002795   Thumb Code    34  printf8.o(i.__0sprintf$8)
    __1sprintf$8                             0x08002795   Thumb Code     0  printf8.o(i.__0sprintf$8)
    __2sprintf                               0x08002795   Thumb Code     0  printf8.o(i.__0sprintf$8)
    __scatterload_copy                       0x080027bd   Thumb Code    14  handlers.o(i.__scatterload_copy)
    __scatterload_null                       0x080027cb   Thumb Code     2  handlers.o(i.__scatterload_null)
    __scatterload_zeroinit                   0x080027cd   Thumb Code    14  handlers.o(i.__scatterload_zeroinit)
    fputc                                    0x08002c49   Thumb Code    20  main.o(i.fputc)
    main                                     0x08002c61   Thumb Code   164  main.o(i.main)
    osAlarmHeapInfo                          0x08002f15   Thumb Code    26  los_heap.o(i.osAlarmHeapInfo)
    osAtomicBitsetClearBit                   0x08002f2f   Thumb Code    30  los_slab.o(i.osAtomicBitsetClearBit)
    osAtomicBitsetFindClearAndSet            0x08002f4d   Thumb Code    66  los_slab.o(i.osAtomicBitsetFindClearAndSet)
    osAtomicBitsetGetBit                     0x08002f8f   Thumb Code    34  los_slab.o(i.osAtomicBitsetGetBit)
    osAtomicBitsetInit                       0x08002fb1   Thumb Code    44  los_slab.o(i.osAtomicBitsetInit)
    osHeapAlloc                              0x08002fdd   Thumb Code   228  los_heap.o(i.osHeapAlloc)
    osHeapAllocAlign                         0x080030fd   Thumb Code    58  los_heap.o(i.osHeapAllocAlign)
    osHeapFree                               0x08003139   Thumb Code   226  los_heap.o(i.osHeapFree)
    osHeapInit                               0x0800323d   Thumb Code    58  los_heap.o(i.osHeapInit)
    osHeapPrvGetNext                         0x08003277   Thumb Code    22  los_heap.o(i.osHeapPrvGetNext)
    osHeapStatisticsGet                      0x0800328d   Thumb Code    66  los_heap.o(i.osHeapStatisticsGet)
    osIdleTask                               0x080032d5   Thumb Code     2  los_task.o(i.osIdleTask)
    osIdleTaskCreate                         0x080032d9   Thumb Code    44  los_task.o(i.osIdleTaskCreate)
    osIntNumGet                              0x08003319   Thumb Code     6  los_hwi.o(i.osIntNumGet)
    osMemSystemInit                          0x08003321   Thumb Code    10  los_memory.o(i.osMemSystemInit)
    osMuxInit                                0x08003335   Thumb Code    74  los_mux.o(i.osMuxInit)
    osPriqueueDequeue                        0x0800338d   Thumb Code    50  los_priqueue.o(i.osPriqueueDequeue)
    osPriqueueEnqueue                        0x080033c5   Thumb Code    44  los_priqueue.o(i.osPriqueueEnqueue)
    osPriqueueInit                           0x080033f5   Thumb Code    42  los_priqueue.o(i.osPriqueueInit)
    osPriqueueSize                           0x08003429   Thumb Code    30  los_priqueue.o(i.osPriqueueSize)
    osPriqueueTop                            0x0800344d   Thumb Code    24  los_priqueue.o(i.osPriqueueTop)
    osQueueInit                              0x08003539   Thumb Code    80  los_queue.o(i.osQueueInit)
    osQueueOperate                           0x08003595   Thumb Code   342  los_queue.o(i.osQueueOperate)
    osSchedule                               0x08003765   Thumb Code     4  los_hw.o(i.osSchedule)
    osSemInit                                0x08003769   Thumb Code    72  los_sem.o(i.osSemInit)
    osSlabAllocatorAlloc                     0x080037bd   Thumb Code    28  los_slab.o(i.osSlabAllocatorAlloc)
    osSlabAllocatorFree                      0x080037d9   Thumb Code    56  los_slab.o(i.osSlabAllocatorFree)
    osSlabAllocatorNew                       0x08003811   Thumb Code    70  los_slab.o(i.osSlabAllocatorNew)
    osSlabBlockHeadFill                      0x08003857   Thumb Code    20  los_slabmem.o(i.osSlabBlockHeadFill)
    osSlabCtrlHdrGet                         0x0800386b   Thumb Code     4  los_memory.o(i.osSlabCtrlHdrGet)
    osSlabMemAlloc                           0x0800386f   Thumb Code    98  los_slabmem.o(i.osSlabMemAlloc)
    osSlabMemFree                            0x080038d1   Thumb Code    94  los_slabmem.o(i.osSlabMemFree)
    osSlabMemInit                            0x08003931   Thumb Code    82  los_slabmem.o(i.osSlabMemInit)
    osSwTmrInit                              0x08003985   Thumb Code   112  los_swtmr.o(i.osSwTmrInit)
    osSwTmrStart                             0x08003a05   Thumb Code   382  los_swtmr.o(i.osSwTmrStart)
    osSwTmrTask                              0x08003b8d   Thumb Code    56  los_swtmr.o(i.osSwTmrTask)
    osSwTmrTaskCreate                        0x08003bc9   Thumb Code    44  los_swtmr.o(i.osSwTmrTaskCreate)
    osSwtmrScan                              0x08003c95   Thumb Code    24  los_swtmr.o(i.osSwtmrScan)
    osTaskAdd2TimerList                      0x08003cb1   Thumb Code   126  los_task.o(i.osTaskAdd2TimerList)
    osTaskEntry                              0x08003d35   Thumb Code    38  los_task.o(i.osTaskEntry)
    osTaskExit                               0x08003d61   Thumb Code     4  los_hw.o(i.osTaskExit)
    osTaskInit                               0x08003d65   Thumb Code   200  los_task.o(i.osTaskInit)
    osTaskMonInit                            0x08003e39   Thumb Code    30  los_task.o(i.osTaskMonInit)
    osTaskScan                               0x08003e65   Thumb Code   174  los_task.o(i.osTaskScan)
    osTaskSwitchCheck                        0x08003f19   Thumb Code   170  los_task.o(i.osTaskSwitchCheck)
    osTaskWait                               0x08004055   Thumb Code    70  los_task.o(i.osTaskWait)
    osTaskWake                               0x080040a1   Thumb Code    64  los_task.o(i.osTaskWake)
    osTickHandler                            0x080040e1   Thumb Code    34  los_tick.o(i.osTickHandler)
    osTickStart                              0x08004109   Thumb Code    86  los_hw_tick.o(i.osTickStart)
    osTimerListDelete                        0x08004179   Thumb Code    48  los_task.o(i.osTimerListDelete)
    osTimesliceCheck                         0x080041ad   Thumb Code    44  los_timeslice.o(i.osTimesliceCheck)
    osTimesliceInit                          0x080041e5   Thumb Code    12  los_timeslice.o(i.osTimesliceInit)
    osTskStackInit                           0x080041f5   Thumb Code   120  los_hw.o(i.osTskStackInit)
    AHBPrescTable                            0x08004286   Data          16  system_stm32f1xx.o(.constdata)
    APBPrescTable                            0x08004296   Data           8  system_stm32f1xx.o(.constdata)
    Region$$Table$$Base                      0x080042a0   Number         0  anon$$obj.o(Region$$Table)
    Region$$Table$$Limit                     0x080042c0   Number         0  anon$$obj.o(Region$$Table)
    g_temperature                            0x20000000   Data           1  main.o(.data)
    g_humidity                               0x20000001   Data           1  main.o(.data)
    g_alarm_flag                             0x20000002   Data           1  main.o(.data)
    g_light_level                            0x20000004   Data           2  main.o(.data)
    SensorTask_Handle                        0x20000008   Data           4  main.o(.data)
    BTTask_Handle                            0x2000000c   Data           4  main.o(.data)
    LedTask_Handle                           0x20000010   Data           4  main.o(.data)
    BuzzerTask_Handle                        0x20000014   Data           4  main.o(.data)
    g_pstLosPriorityQueueList                0x2000001c   Data           4  los_priqueue.o(.data)
    m_uwSwTmrHandlerQueue                    0x2000002c   Data           4  los_swtmr.o(.data)
    m_pstSwtmrCBArray                        0x20000030   Data           4  los_swtmr.o(.data)
    m_pstSwtmrFreeList                       0x20000034   Data           4  los_swtmr.o(.data)
    m_pstSwtmrSortList                       0x20000038   Data           4  los_swtmr.o(.data)
    g_usLosTaskLock                          0x2000003c   Data           2  los_task.o(.data)
    g_pfnTskSwitchHook                       0x20000040   Data           4  los_task.o(.data)
    g_pfnUsrTskSwitchHook                    0x20000044   Data           4  los_task.o(.data)
    g_pstTaskCBArray                         0x20000048   Data           4  los_task.o(.data)
    g_uwTskMaxNum                            0x2000004c   Data           4  los_task.o(.data)
    g_uwIdleTaskID                           0x20000050   Data           4  los_task.o(.data)
    g_uwSwtmrTaskID                          0x20000054   Data           4  los_task.o(.data)
    g_bTaskScheduled                         0x20000058   Data           4  los_task.o(.data)
    g_stLosTask                              0x2000005c   Data           8  los_task.o(.data)
    g_stTaskTimerList                        0x20000064   Data           8  los_task.o(.data)
    g_stLosFreeTask                          0x2000006c   Data           8  los_task.o(.data)
    g_stTskRecyleList                        0x20000074   Data           8  los_task.o(.data)
    g_stTskSortLink                          0x2000007c   Data           8  los_task.o(.data)
    g_bSysTickStart                          0x20000084   Data           4  los_tick.o(.data)
    g_uwSysClock                             0x20000088   Data           4  los_tick.o(.data)
    g_ullTickCount                           0x20000090   Data           8  los_tick.o(.data)
    g_uwCyclesPerTick                        0x20000098   Data           4  los_tick.o(.data)
    g_stTaskTimeSlice                        0x2000009c   Data           8  los_timeslice.o(.data)
    g_pstAllMux                              0x200000a4   Data           4  los_mux.o(.data)
    g_stUnusedMuxList                        0x200000a8   Data           8  los_mux.o(.data)
    g_pstAllQueue                            0x200000b0   Data           4  los_queue.o(.data)
    g_stFreeQueueList                        0x200000b4   Data           8  los_queue.o(.data)
    g_pstAllSem                              0x200000bc   Data           4  los_sem.o(.data)
    g_stUnusedSemList                        0x200000c0   Data           8  los_sem.o(.data)
    g_pPoolHead                              0x200000d8   Data           4  los_memory.o(.data)
    m_aucSysMem0                             0x200000dc   Data           4  los_init.o(.data)
    uwTickFreq                               0x200000e0   Data           1  stm32f1xx_hal.o(.data)
    uwTickPrio                               0x200000e4   Data           4  stm32f1xx_hal.o(.data)
    uwTick                                   0x200000e8   Data           4  stm32f1xx_hal.o(.data)
    SystemCoreClock                          0x200000ec   Data           4  system_stm32f1xx.o(.data)
    __stdout                                 0x200000f0   Data           4  stdout.o(.data)
    huart1                                   0x200000f4   Data          72  usart.o(.bss)
    huart2                                   0x2000013c   Data          72  usart.o(.bss)
    bt_rx_buffer                             0x20000184   Data         200  main.o(.bss)
    m_uwSwTmrAlignID                         0x2000024c   Data          64  los_swtmr.o(.bss)
    g_astTskSwitchInfo                       0x2000028c   Data         342  los_task.o(.bss)
    Image$$RW_IRAM1$$ZI$$Limit               0x200007e8   Number         0  anon$$obj.o ABSOLUTE
    __initial_sp                             0x200007e8   Data           0  startup_stm32f103xb.o(STACK)



==============================================================================

Memory Map of the image

  Image Entry point : 0x080000ed

  Load Region LR_IROM1 (Base: 0x08000000, Size: 0x000043b4, Max: 0x00010000, ABSOLUTE)

    Execution Region ER_IROM1 (Exec base: 0x08000000, Load base: 0x08000000, Size: 0x000042c0, Max: 0x00010000, ABSOLUTE)

    Exec Addr    Load Addr    Size         Type   Attr      Idx    E Section Name        Object

    0x08000000   0x08000000   0x000000ec   Data   RO            3    RESET               startup_stm32f103xb.o
    0x080000ec   0x080000ec   0x00000000   Code   RO         4058  * .ARM.Collect$$$$00000000  mc_w.l(entry.o)
    0x080000ec   0x080000ec   0x00000004   Code   RO         4346    .ARM.Collect$$$$00000001  mc_w.l(entry2.o)
    0x080000f0   0x080000f0   0x00000004   Code   RO         4349    .ARM.Collect$$$$00000004  mc_w.l(entry5.o)
    0x080000f4   0x080000f4   0x00000000   Code   RO         4351    .ARM.Collect$$$$00000008  mc_w.l(entry7b.o)
    0x080000f4   0x080000f4   0x00000000   Code   RO         4353    .ARM.Collect$$$$0000000A  mc_w.l(entry8b.o)
    0x080000f4   0x080000f4   0x00000008   Code   RO         4354    .ARM.Collect$$$$0000000B  mc_w.l(entry9a.o)
    0x080000fc   0x080000fc   0x00000000   Code   RO         4356    .ARM.Collect$$$$0000000D  mc_w.l(entry10a.o)
    0x080000fc   0x080000fc   0x00000000   Code   RO         4358    .ARM.Collect$$$$0000000F  mc_w.l(entry11a.o)
    0x080000fc   0x080000fc   0x00000004   Code   RO         4347    .ARM.Collect$$$$00002712  mc_w.l(entry2.o)
    0x08000100   0x08000100   0x00000024   Code   RO            4    .text               startup_stm32f103xb.o
    0x08000124   0x08000124   0x000000cc   Code   RO          702    .text               los_dispatch_keil.o
    0x080001f0   0x080001f0   0x00000062   Code   RO         4061    .text               mc_w.l(uldiv.o)
    0x08000252   0x08000252   0x00000020   Code   RO         4063    .text               mc_w.l(llushr.o)
    0x08000272   0x08000272   0x00000024   Code   RO         4065    .text               mc_w.l(memcpya.o)
    0x08000296   0x08000296   0x00000024   Code   RO         4067    .text               mc_w.l(memseta.o)
    0x080002ba   0x080002ba   0x00000024   Code   RO         4069    .text               mc_w.l(strstr.o)
    0x080002de   0x080002de   0x0000000e   Code   RO         4073    .text               mc_w.l(strlen.o)
    0x080002ec   0x080002ec   0x0000001e   Code   RO         4363    .text               mc_w.l(llshl.o)
    0x0800030a   0x0800030a   0x00000002   PAD
    0x0800030c   0x0800030c   0x00000024   Code   RO         4374    .text               mc_w.l(init.o)
    0x08000330   0x08000330   0x00000048   Code   RO          150    i.AT09_Configure    main.o
    0x08000378   0x08000378   0x000000b8   Code   RO          151    i.AT09_SendCommand  main.o
    0x08000430   0x08000430   0x00000010   Code   RO          152    i.AT09_StartReceiveIT  main.o
    0x08000440   0x08000440   0x00000160   Code   RO          153    i.AppTaskCreate     main.o
    0x080005a0   0x080005a0   0x00000020   Code   RO          154    i.BT_SendString     main.o
    0x080005c0   0x080005c0   0x00000060   Code   RO          155    i.BluetoothSendTask  main.o
    0x08000620   0x08000620   0x00000002   Code   RO          426    i.BusFault_Handler  stm32f1xx_it.o
    0x08000622   0x08000622   0x00000002   PAD
    0x08000624   0x08000624   0x00000078   Code   RO          156    i.BuzzerAlarmTask   main.o
    0x0800069c   0x0800069c   0x0000002c   Code   RO          157    i.DHT11_Init        main.o
    0x080006c8   0x080006c8   0x00000170   Code   RO          158    i.DHT11_Read        main.o
    0x08000838   0x08000838   0x00000020   Code   RO          159    i.DHT_Pin_Input     main.o
    0x08000858   0x08000858   0x00000020   Code   RO          160    i.DWT_GetUS         main.o
    0x08000878   0x08000878   0x00000002   Code   RO          427    i.DebugMon_Handler  stm32f1xx_it.o
    0x0800087a   0x0800087a   0x00000004   Code   RO          161    i.Error_Handler     main.o
    0x0800087e   0x0800087e   0x00000048   Code   RO         3038    i.HAL_DMA_Abort     stm32f1xx_hal_dma.o
    0x080008c6   0x080008c6   0x00000002   PAD
    0x080008c8   0x080008c8   0x000000a4   Code   RO         3039    i.HAL_DMA_Abort_IT  stm32f1xx_hal_dma.o
    0x0800096c   0x0800096c   0x00000028   Code   RO         2659    i.HAL_Delay         stm32f1xx_hal.o
    0x08000994   0x08000994   0x000001fc   Code   RO         2974    i.HAL_GPIO_Init     stm32f1xx_hal_gpio.o
    0x08000b90   0x08000b90   0x0000000e   Code   RO         2976    i.HAL_GPIO_ReadPin  stm32f1xx_hal_gpio.o
    0x08000b9e   0x08000b9e   0x0000000e   Code   RO         2978    i.HAL_GPIO_WritePin  stm32f1xx_hal_gpio.o
    0x08000bac   0x08000bac   0x0000000c   Code   RO         2663    i.HAL_GetTick       stm32f1xx_hal.o
    0x08000bb8   0x08000bb8   0x00000024   Code   RO         2670    i.HAL_Init          stm32f1xx_hal.o
    0x08000bdc   0x08000bdc   0x00000044   Code   RO         2671    i.HAL_InitTick      stm32f1xx_hal.o
    0x08000c20   0x08000c20   0x0000003c   Code   RO          501    i.HAL_MspInit       stm32f1xx_hal_msp.o
    0x08000c5c   0x08000c5c   0x00000068   Code   RO         3140    i.HAL_NVIC_SetPriority  stm32f1xx_hal_cortex.o
    0x08000cc4   0x08000cc4   0x00000024   Code   RO         3141    i.HAL_NVIC_SetPriorityGrouping  stm32f1xx_hal_cortex.o
    0x08000ce8   0x08000ce8   0x00000180   Code   RO         2827    i.HAL_RCC_ClockConfig  stm32f1xx_hal_rcc.o
    0x08000e68   0x08000e68   0x0000000c   Code   RO         2832    i.HAL_RCC_GetHCLKFreq  stm32f1xx_hal_rcc.o
    0x08000e74   0x08000e74   0x00000020   Code   RO         2834    i.HAL_RCC_GetPCLK1Freq  stm32f1xx_hal_rcc.o
    0x08000e94   0x08000e94   0x00000020   Code   RO         2835    i.HAL_RCC_GetPCLK2Freq  stm32f1xx_hal_rcc.o
    0x08000eb4   0x08000eb4   0x00000050   Code   RO         2836    i.HAL_RCC_GetSysClockFreq  stm32f1xx_hal_rcc.o
    0x08000f04   0x08000f04   0x0000042c   Code   RO         2839    i.HAL_RCC_OscConfig  stm32f1xx_hal_rcc.o
    0x08001330   0x08001330   0x00000028   Code   RO         3145    i.HAL_SYSTICK_Config  stm32f1xx_hal_cortex.o
    0x08001358   0x08001358   0x0000005c   Code   RO         3661    i.HAL_UARTEx_ReceiveToIdle_IT  stm32f1xx_hal_uart.o
    0x080013b4   0x080013b4   0x0000009c   Code   RO          162    i.HAL_UARTEx_RxEventCallback  main.o
    0x08001450   0x08001450   0x00000002   Code   RO         3676    i.HAL_UART_ErrorCallback  stm32f1xx_hal_uart.o
    0x08001452   0x08001452   0x00000002   PAD
    0x08001454   0x08001454   0x00000268   Code   RO         3679    i.HAL_UART_IRQHandler  stm32f1xx_hal_uart.o
    0x080016bc   0x080016bc   0x00000066   Code   RO         3680    i.HAL_UART_Init     stm32f1xx_hal_uart.o
    0x08001722   0x08001722   0x00000002   PAD
    0x08001724   0x08001724   0x000000b4   Code   RO           14    i.HAL_UART_MspInit  usart.o
    0x080017d8   0x080017d8   0x000000bc   Code   RO         3683    i.HAL_UART_Receive  stm32f1xx_hal_uart.o
    0x08001894   0x08001894   0x00000002   Code   RO         3686    i.HAL_UART_RxCpltCallback  stm32f1xx_hal_uart.o
    0x08001896   0x08001896   0x000000b8   Code   RO         3688    i.HAL_UART_Transmit  stm32f1xx_hal_uart.o
    0x0800194e   0x0800194e   0x00000002   Code   RO         3691    i.HAL_UART_TxCpltCallback  stm32f1xx_hal_uart.o
    0x08001950   0x08001950   0x00000002   Code   RO          428    i.HardFault_Handler  stm32f1xx_it.o
    0x08001952   0x08001952   0x00000014   Code   RO         2197    i.LOS_Align         los_misc.o
    0x08001966   0x08001966   0x00000002   PAD
    0x08001968   0x08001968   0x000000f0   Code   RO         2291    i.LOS_KernelInit    los_init.o
    0x08001a58   0x08001a58   0x0000000e   Code   RO         1019    i.LOS_ListAdd       los_task.o
    0x08001a66   0x08001a66   0x0000000e   Code   RO         1471    i.LOS_ListAdd       los_mux.o
    0x08001a74   0x08001a74   0x0000000e   Code   RO         1536    i.LOS_ListAdd       los_queue.o
    0x08001a82   0x08001a82   0x0000000e   Code   RO         1667    i.LOS_ListAdd       los_sem.o
    0x08001a90   0x08001a90   0x00000014   Code   RO         1020    i.LOS_ListDelete    los_task.o
    0x08001aa4   0x08001aa4   0x00000006   Code   RO         1021    i.LOS_ListTailInsert  los_task.o
    0x08001aaa   0x08001aaa   0x00000028   Code   RO         1813    i.LOS_MemAlloc      los_memory.o
    0x08001ad2   0x08001ad2   0x00000004   Code   RO         1814    i.LOS_MemAllocAlign  los_memory.o
    0x08001ad6   0x08001ad6   0x00000026   Code   RO         1816    i.LOS_MemFree       los_memory.o
    0x08001afc   0x08001afc   0x000000dc   Code   RO         1818    i.LOS_MemInit       los_memory.o
    0x08001bd8   0x08001bd8   0x000000c4   Code   RO         1537    i.LOS_QueueCreate   los_queue.o
    0x08001c9c   0x08001c9c   0x00000022   Code   RO         1541    i.LOS_QueueReadCopy  los_queue.o
    0x08001cbe   0x08001cbe   0x00000026   Code   RO         1543    i.LOS_QueueWriteCopy  los_queue.o
    0x08001ce4   0x08001ce4   0x00000040   Code   RO          525    i.LOS_Schedule      los_hw.o
    0x08001d24   0x08001d24   0x0000003c   Code   RO         2293    i.LOS_Start         los_init.o
    0x08001d60   0x08001d60   0x00000070   Code   RO         1024    i.LOS_TaskCreate    los_task.o
    0x08001dd0   0x08001dd0   0x00000150   Code   RO         1025    i.LOS_TaskCreateOnly  los_task.o
    0x08001f20   0x08001f20   0x0000006c   Code   RO         1026    i.LOS_TaskDelay     los_task.o
    0x08001f8c   0x08001f8c   0x00000138   Code   RO         1027    i.LOS_TaskDelete    los_task.o
    0x080020c4   0x080020c4   0x00000070   Code   RO         1040    i.LOS_TaskYield     los_task.o
    0x08002134   0x08002134   0x0000000c   Code   RO          959    i.LOS_TickCountGet  los_sys.o
    0x08002140   0x08002140   0x00000044   Code   RO          163    i.LedIndicatorTask  main.o
    0x08002184   0x08002184   0x00000070   Code   RO          356    i.MX_GPIO_Init      gpio.o
    0x080021f4   0x080021f4   0x00000038   Code   RO           15    i.MX_USART1_UART_Init  usart.o
    0x0800222c   0x0800222c   0x00000038   Code   RO           16    i.MX_USART2_UART_Init  usart.o
    0x08002264   0x08002264   0x00000002   Code   RO          429    i.MemManage_Handler  stm32f1xx_it.o
    0x08002266   0x08002266   0x00000002   Code   RO          430    i.NMI_Handler       stm32f1xx_it.o
    0x08002268   0x08002268   0x00000024   Code   RO         2840    i.RCC_Delay         stm32f1xx_hal_rcc.o
    0x0800228c   0x0800228c   0x00000002   Code   RO          431    i.SVC_Handler       stm32f1xx_it.o
    0x0800228e   0x0800228e   0x00000002   PAD
    0x08002290   0x08002290   0x000000d0   Code   RO          164    i.SensorReadTask    main.o
    0x08002360   0x08002360   0x00000024   Code   RO          672    i.SysTick_Handler   los_hwi.o
    0x08002384   0x08002384   0x0000005c   Code   RO          165    i.SystemClock_Config  main.o
    0x080023e0   0x080023e0   0x00000048   Code   RO         4024    i.SystemInit        system_stm32f1xx.o
    0x08002428   0x08002428   0x00000010   Code   RO         3693    i.UART_DMAAbortOnError  stm32f1xx_hal_uart.o
    0x08002438   0x08002438   0x0000004e   Code   RO         3703    i.UART_EndRxTransfer  stm32f1xx_hal_uart.o
    0x08002486   0x08002486   0x0000001a   Code   RO         3704    i.UART_EndTransmit_IT  stm32f1xx_hal_uart.o
    0x080024a0   0x080024a0   0x000000ca   Code   RO         3706    i.UART_Receive_IT   stm32f1xx_hal_uart.o
    0x0800256a   0x0800256a   0x00000002   PAD
    0x0800256c   0x0800256c   0x000000c8   Code   RO         3707    i.UART_SetConfig    stm32f1xx_hal_uart.o
    0x08002634   0x08002634   0x00000038   Code   RO         3709    i.UART_Start_Receive_IT  stm32f1xx_hal_uart.o
    0x0800266c   0x0800266c   0x0000005e   Code   RO         3710    i.UART_Transmit_IT  stm32f1xx_hal_uart.o
    0x080026ca   0x080026ca   0x0000008e   Code   RO         3711    i.UART_WaitOnFlagUntilTimeout  stm32f1xx_hal_uart.o
    0x08002758   0x08002758   0x0000000c   Code   RO          432    i.USART1_IRQHandler  stm32f1xx_it.o
    0x08002764   0x08002764   0x0000000c   Code   RO          433    i.USART2_IRQHandler  stm32f1xx_it.o
    0x08002770   0x08002770   0x00000002   Code   RO          434    i.UsageFault_Handler  stm32f1xx_it.o
    0x08002772   0x08002772   0x00000002   PAD
    0x08002774   0x08002774   0x00000020   Code   RO         4284    i.__0printf$8       mc_w.l(printf8.o)
    0x08002794   0x08002794   0x00000028   Code   RO         4286    i.__0sprintf$8      mc_w.l(printf8.o)
    0x080027bc   0x080027bc   0x0000000e   Code   RO         4380    i.__scatterload_copy  mc_w.l(handlers.o)
    0x080027ca   0x080027ca   0x00000002   Code   RO         4381    i.__scatterload_null  mc_w.l(handlers.o)
    0x080027cc   0x080027cc   0x0000000e   Code   RO         4382    i.__scatterload_zeroinit  mc_w.l(handlers.o)
    0x080027da   0x080027da   0x00000002   PAD
    0x080027dc   0x080027dc   0x00000410   Code   RO         4291    i._printf_core      mc_w.l(printf8.o)
    0x08002bec   0x08002bec   0x00000024   Code   RO         4292    i._printf_post_padding  mc_w.l(printf8.o)
    0x08002c10   0x08002c10   0x0000002e   Code   RO         4293    i._printf_pre_padding  mc_w.l(printf8.o)
    0x08002c3e   0x08002c3e   0x0000000a   Code   RO         4295    i._sputc            mc_w.l(printf8.o)
    0x08002c48   0x08002c48   0x00000018   Code   RO          166    i.fputc             main.o
    0x08002c60   0x08002c60   0x000002b4   Code   RO          167    i.main              main.o
    0x08002f14   0x08002f14   0x0000001a   Code   RO         1740    i.osAlarmHeapInfo   los_heap.o
    0x08002f2e   0x08002f2e   0x0000001e   Code   RO         1952    i.osAtomicBitsetClearBit  los_slab.o
    0x08002f4c   0x08002f4c   0x00000042   Code   RO         1954    i.osAtomicBitsetFindClearAndSet  los_slab.o
    0x08002f8e   0x08002f8e   0x00000022   Code   RO         1955    i.osAtomicBitsetGetBit  los_slab.o
    0x08002fb0   0x08002fb0   0x0000002c   Code   RO         1957    i.osAtomicBitsetInit  los_slab.o
    0x08002fdc   0x08002fdc   0x00000120   Code   RO         1741    i.osHeapAlloc       los_heap.o
    0x080030fc   0x080030fc   0x0000003a   Code   RO         1742    i.osHeapAllocAlign  los_heap.o
    0x08003136   0x08003136   0x00000002   PAD
    0x08003138   0x08003138   0x00000104   Code   RO         1743    i.osHeapFree        los_heap.o
    0x0800323c   0x0800323c   0x0000003a   Code   RO         1746    i.osHeapInit        los_heap.o
    0x08003276   0x08003276   0x00000016   Code   RO         1747    i.osHeapPrvGetNext  los_heap.o
    0x0800328c   0x0800328c   0x00000048   Code   RO         1748    i.osHeapStatisticsGet  los_heap.o
    0x080032d4   0x080032d4   0x00000002   Code   RO         1044    i.osIdleTask        los_task.o
    0x080032d6   0x080032d6   0x00000002   PAD
    0x080032d8   0x080032d8   0x00000040   Code   RO         1045    i.osIdleTaskCreate  los_task.o
    0x08003318   0x08003318   0x00000006   Code   RO          673    i.osIntNumGet       los_hwi.o
    0x0800331e   0x0800331e   0x00000002   PAD
    0x08003320   0x08003320   0x00000014   Code   RO         1822    i.osMemSystemInit   los_memory.o
    0x08003334   0x08003334   0x00000058   Code   RO         1476    i.osMuxInit         los_mux.o
    0x0800338c   0x0800338c   0x00000038   Code   RO          708    i.osPriqueueDequeue  los_priqueue.o
    0x080033c4   0x080033c4   0x00000030   Code   RO          709    i.osPriqueueEnqueue  los_priqueue.o
    0x080033f4   0x080033f4   0x00000034   Code   RO          710    i.osPriqueueInit    los_priqueue.o
    0x08003428   0x08003428   0x00000024   Code   RO          711    i.osPriqueueSize    los_priqueue.o
    0x0800344c   0x0800344c   0x0000001c   Code   RO          712    i.osPriqueueTop     los_priqueue.o
    0x08003468   0x08003468   0x000000d0   Code   RO         1546    i.osQueueBufferOperate  los_queue.o
    0x08003538   0x08003538   0x0000005c   Code   RO         1547    i.osQueueInit       los_queue.o
    0x08003594   0x08003594   0x00000168   Code   RO         1550    i.osQueueOperate    los_queue.o
    0x080036fc   0x080036fc   0x00000034   Code   RO         1551    i.osQueueReadParameterCheck  los_queue.o
    0x08003730   0x08003730   0x00000034   Code   RO         1552    i.osQueueWriteParameterCheck  los_queue.o
    0x08003764   0x08003764   0x00000004   Code   RO          527    i.osSchedule        los_hw.o
    0x08003768   0x08003768   0x00000054   Code   RO         1673    i.osSemInit         los_sem.o
    0x080037bc   0x080037bc   0x0000001c   Code   RO         1958    i.osSlabAllocatorAlloc  los_slab.o
    0x080037d8   0x080037d8   0x00000038   Code   RO         1962    i.osSlabAllocatorFree  los_slab.o
    0x08003810   0x08003810   0x00000046   Code   RO         1969    i.osSlabAllocatorNew  los_slab.o
    0x08003856   0x08003856   0x00000014   Code   RO         2083    i.osSlabBlockHeadFill  los_slabmem.o
    0x0800386a   0x0800386a   0x00000004   Code   RO         1823    i.osSlabCtrlHdrGet  los_memory.o
    0x0800386e   0x0800386e   0x00000062   Code   RO         2085    i.osSlabMemAlloc    los_slabmem.o
    0x080038d0   0x080038d0   0x0000005e   Code   RO         2088    i.osSlabMemFree     los_slabmem.o
    0x0800392e   0x0800392e   0x00000002   PAD
    0x08003930   0x08003930   0x00000052   Code   RO         2089    i.osSlabMemInit     los_slabmem.o
    0x08003982   0x08003982   0x00000002   PAD
    0x08003984   0x08003984   0x00000080   Code   RO          804    i.osSwTmrInit       los_swtmr.o
    0x08003a04   0x08003a04   0x00000188   Code   RO          805    i.osSwTmrStart      los_swtmr.o
    0x08003b8c   0x08003b8c   0x0000003c   Code   RO          806    i.osSwTmrTask       los_swtmr.o
    0x08003bc8   0x08003bc8   0x00000040   Code   RO          807    i.osSwTmrTaskCreate  los_swtmr.o
    0x08003c08   0x08003c08   0x00000068   Code   RO          808    i.osSwTmrTimeoutHandle  los_swtmr.o
    0x08003c70   0x08003c70   0x00000024   Code   RO          810    i.osSwtmrDelete     los_swtmr.o
    0x08003c94   0x08003c94   0x0000001c   Code   RO          811    i.osSwtmrScan       los_swtmr.o
    0x08003cb0   0x08003cb0   0x00000084   Code   RO         1046    i.osTaskAdd2TimerList  los_task.o
    0x08003d34   0x08003d34   0x0000002c   Code   RO         1047    i.osTaskEntry       los_task.o
    0x08003d60   0x08003d60   0x00000004   Code   RO          528    i.osTaskExit        los_hw.o
    0x08003d64   0x08003d64   0x000000d4   Code   RO         1048    i.osTaskInit        los_task.o
    0x08003e38   0x08003e38   0x0000002c   Code   RO         1049    i.osTaskMonInit     los_task.o
    0x08003e64   0x08003e64   0x000000b4   Code   RO         1051    i.osTaskScan        los_task.o
    0x08003f18   0x08003f18   0x0000013c   Code   RO         1052    i.osTaskSwitchCheck  los_task.o
    0x08004054   0x08004054   0x0000004c   Code   RO         1053    i.osTaskWait        los_task.o
    0x080040a0   0x080040a0   0x00000040   Code   RO         1054    i.osTaskWake        los_task.o
    0x080040e0   0x080040e0   0x00000028   Code   RO         1309    i.osTickHandler     los_tick.o
    0x08004108   0x08004108   0x00000070   Code   RO          622    i.osTickStart       los_hw_tick.o
    0x08004178   0x08004178   0x00000034   Code   RO         1055    i.osTimerListDelete  los_task.o
    0x080041ac   0x080041ac   0x00000038   Code   RO         1361    i.osTimesliceCheck  los_timeslice.o
    0x080041e4   0x080041e4   0x00000010   Code   RO         1362    i.osTimesliceInit   los_timeslice.o
    0x080041f4   0x080041f4   0x00000080   Code   RO          529    i.osTskStackInit    los_hw.o
    0x08004274   0x08004274   0x00000012   Data   RO         2841    .constdata          stm32f1xx_hal_rcc.o
    0x08004286   0x08004286   0x00000010   Data   RO         4025    .constdata          system_stm32f1xx.o
    0x08004296   0x08004296   0x00000008   Data   RO         4026    .constdata          system_stm32f1xx.o
    0x0800429e   0x0800429e   0x00000002   PAD
    0x080042a0   0x080042a0   0x00000020   Data   RO         4378    Region$$Table       anon$$obj.o


    Execution Region RW_IRAM1 (Exec base: 0x20000000, Load base: 0x080042c0, Size: 0x000007e8, Max: 0x00005000, ABSOLUTE)

    Exec Addr    Load Addr    Size         Type   Attr      Idx    E Section Name        Object

    0x20000000   0x080042c0   0x00000018   Data   RW          169    .data               main.o
    0x20000018   0x080042d8   0x00000008   Data   RW          714    .data               los_priqueue.o
    0x20000020   0x080042e0   0x0000001c   Data   RW          815    .data               los_swtmr.o
    0x2000003c   0x080042fc   0x00000048   Data   RW         1058    .data               los_task.o
    0x20000084   0x08004344   0x00000004   Data   RW         1310    .data               los_tick.o
    0x20000088   0x08004348   0x00000010   Data   RW         1311    .data               los_tick.o
    0x20000098   0x08004358   0x00000004   Data   RW         1314    .data               los_tick.o
    0x2000009c   0x0800435c   0x00000008   Data   RW         1363    .data               los_timeslice.o
    0x200000a4   0x08004364   0x0000000c   Data   RW         1477    .data               los_mux.o
    0x200000b0   0x08004370   0x0000000c   Data   RW         1553    .data               los_queue.o
    0x200000bc   0x0800437c   0x0000000c   Data   RW         1674    .data               los_sem.o
    0x200000c8   0x08004388   0x00000010   Data   RW         1749    .data               los_heap.o
    0x200000d8   0x08004398   0x00000004   Data   RW         1824    .data               los_memory.o
    0x200000dc   0x0800439c   0x00000004   Data   RW         2295    .data               los_init.o
    0x200000e0   0x080043a0   0x0000000c   Data   RW         2677    .data               stm32f1xx_hal.o
    0x200000ec   0x080043ac   0x00000004   Data   RW         4027    .data               system_stm32f1xx.o
    0x200000f0   0x080043b0   0x00000004   Data   RW         4360    .data               mc_w.l(stdout.o)
    0x200000f4        -       0x00000090   Zero   RW           17    .bss                usart.o
    0x20000184        -       0x000000c8   Zero   RW          168    .bss                main.o
    0x2000024c        -       0x00000040   Zero   RW          814    .bss                los_swtmr.o
    0x2000028c        -       0x00000156   Zero   RW         1056    .bss                los_task.o
    0x200003e2   0x080043b4   0x00000006   PAD
    0x200003e8        -       0x00000400   Zero   RW            1    STACK               startup_stm32f103xb.o


==============================================================================

Image component sizes


      Code (inc. data)   RO Data    RW Data    ZI Data      Debug   Object Name

       112          8          0          0          0        851   gpio.o
       204         24          0          0          0        412   los_dispatch_keil.o
       784        100          0         16          0       6880   los_heap.o
       200         18          0          0          0      13270   los_hw.o
       112         26          0          0          0      26041   los_hw_tick.o
        42          8          0          0          0       4560   los_hwi.o
       300        138          0          4          0       1796   los_init.o
       326         70          0          4          0       5114   los_memory.o
        20          0          0          0          0        588   los_misc.o
       102         14          0         12          0       2588   los_mux.o
       220         30          0          8          0      14778   los_priqueue.o
      1046         94          0         12          0      16957   los_queue.o
        98         12          0         12          0       2668   los_sem.o
       328          0          0          0          0       5968   los_slab.o
       294          0          0          0          0       3943   los_slabmem.o
       812         70          0         28         64      13087   los_swtmr.o
        12          4          0          0          0        479   los_sys.o
      2206        290          0         72        342      24760   los_task.o
        40          6          0         24          0        980   los_tick.o
        72         16          0          8          0       1209   los_timeslice.o
      2592       1080          0         24        200      25421   main.o
        36          8        236          0       1024        784   startup_stm32f103xb.o
       156         26          0         12          0       5303   stm32f1xx_hal.o
       180         16          0          0          0      27962   stm32f1xx_hal_cortex.o
       236         28          0          0          0       1663   stm32f1xx_hal_dma.o
       536         12          0          0          0       3463   stm32f1xx_hal_gpio.o
        60          8          0          0          0        838   stm32f1xx_hal_msp.o
      1644         88         18          0          0       6648   stm32f1xx_hal_rcc.o
      2002         12          0          0          0      13152   stm32f1xx_hal_uart.o
        38         12          0          0          0       3719   stm32f1xx_it.o
        72         12         24          4          0       1123   system_stm32f1xx.o
       292         38          0          0        144     395355   usart.o

    ----------------------------------------------------------------------
     15200       2268        312        240       1780     632360   Object Totals
         0          0         32          0          0          0   (incl. Generated)
        26          0          2          0          6          0   (incl. Padding)

    ----------------------------------------------------------------------

      Code (inc. data)   RO Data    RW Data    ZI Data      Debug   Library Member Name

         0          0          0          0          0          0   entry.o
         0          0          0          0          0          0   entry10a.o
         0          0          0          0          0          0   entry11a.o
         8          4          0          0          0          0   entry2.o
         4          0          0          0          0          0   entry5.o
         0          0          0          0          0          0   entry7b.o
         0          0          0          0          0          0   entry8b.o
         8          4          0          0          0          0   entry9a.o
        30          0          0          0          0          0   handlers.o
        36          8          0          0          0         68   init.o
        30          0          0          0          0         68   llshl.o
        32          0          0          0          0         68   llushr.o
        36          0          0          0          0         68   memcpya.o
        36          0          0          0          0        108   memseta.o
      1204         60          0          0          0        504   printf8.o
         0          0          0          4          0          0   stdout.o
        14          0          0          0          0         68   strlen.o
        36          0          0          0          0         80   strstr.o
        98          0          0          0          0         92   uldiv.o

    ----------------------------------------------------------------------
      1576         76          0          4          0       1124   Library Totals
         4          0          0          0          0          0   (incl. Padding)

    ----------------------------------------------------------------------

      Code (inc. data)   RO Data    RW Data    ZI Data      Debug   Library Name

      1572         76          0          4          0       1124   mc_w.l

    ----------------------------------------------------------------------
      1576         76          0          4          0       1124   Library Totals

    ----------------------------------------------------------------------

==============================================================================


      Code (inc. data)   RO Data    RW Data    ZI Data      Debug   

     16776       2344        312        244       1780     625680   Grand Totals
     16776       2344        312        244       1780     625680   ELF Image Totals
     16776       2344        312        244          0          0   ROM Totals

==============================================================================

    Total RO  Size (Code + RO Data)                17088 (  16.69kB)
    Total RW  Size (RW Data + ZI Data)              2024 (   1.98kB)
    Total ROM Size (Code + RO Data + RW Data)      17332 (  16.93kB)

==============================================================================

